02-21 14:25:39.216 16269 16269 F DEBUG   :     #60 pc 001c9439  /system/lib/libart.so (art::interpreter::ArtInterpreterToInterpreterBridge(art::Thread*, art::CodeItemDataAccessor const&, art::ShadowFrame*, art::JValue*)+152)
02-21 14:25:39.216 16269 16269 F DEBUG   :     #61 pc 001e05bf  /system/lib/libart.so (bool art::interpreter::DoCall<false, false>(art::ArtMethod*, art::Thread*, art::ShadowFrame&, art::Instruction const*, unsigned short, art::JValue*)+790)
02-21 14:25:39.216 16269 16269 F DEBUG   :     #62 pc 003e2e8f  /system/lib/libart.so (MterpInvokeStatic+130)
02-21 14:25:39.216 16269 16269 F DEBUG   :     #63 pc 00400b94  /system/lib/libart.so (ExecuteMterpImpl+14612)
02-21 14:25:39.216 16269 16269 F DEBUG   :     #64 pc 00b1ccb0  /system/framework/boot-framework.vdex (android.os.Handler.dispatchMessage+8)
02-21 14:25:39.216 16269 16269 F DEBUG   :     #65 pc 001c4d53  /system/lib/libart.so (_ZN3art11interpreterL7ExecuteEPNS_6ThreadERKNS_20CodeItemDataAccessorERNS_11ShadowFrameENS_6JValueEb.llvm.978532534+378)
02-21 14:25:39.216 16269 16269 F DEBUG   :     #66 pc 001c9439  /system/lib/libart.so (art::interpreter::ArtInterpreterToInterpreterBridge(art::Thread*, art::CodeItemDataAccessor const&, art::ShadowFrame*, art::JValue*)+152)
02-21 14:25:39.216 16269 16269 F DEBUG   :     #67 pc 001e05bf  /system/lib/libart.so (bool art::interpreter::DoCall<false, false>(art::ArtMethod*, art::Thread*, art::ShadowFrame&, art::Instruction const*, unsigned short, art::JValue*)+790)
02-21 14:25:39.216 16269 16269 F DEBUG   :     #68 pc 003e1eb3  /system/lib/libart.so (MterpInvokeVirtual+442)
02-21 14:25:39.216 16269 16269 F DEBUG   :     #69 pc 00400a14  /system/lib/libart.so (ExecuteMterpImpl+14228)
02-21 14:25:39.216 16269 16269 F DEBUG   :     #70 pc 00b23e62  /system/framework/boot-framework.vdex (android.os.Looper.loop+406)
02-21 14:25:39.216 16269 16269 F DEBUG   :     #71 pc 001c4d53  /system/lib/libart.so (_ZN3art11interpreterL7ExecuteEPNS_6ThreadERKNS_20CodeItemDataAccessorERNS_11ShadowFrameENS_6JValueEb.llvm.978532534+378)
02-21 14:25:39.216 16269 16269 F DEBUG   :     #72 pc 001c9439  /system/lib/libart.so (art::interpreter::ArtInterpreterToInterpreterBridge(art::Thread*, art::CodeItemDataAccessor const&, art::ShadowFrame*, art::JValue*)+152)
02-21 14:25:39.216 16269 16269 F DEBUG   :     #73 pc 001e05bf  /system/lib/libart.so (bool art::interpreter::DoCall<false, false>(art::ArtMethod*, art::Thread*, art::ShadowFrame&, art::Instruction const*, unsigned short, art::JValue*)+790)
02-21 14:25:39.216 16269 16269 F DEBUG   :     #74 pc 003e2e8f  /system/lib/libart.so (MterpInvokeStatic+130)
02-21 14:25:39.216 16269 16269 F DEBUG   :     #75 pc 00400b94  /system/lib/libart.so (ExecuteMterpImpl+14612)
02-21 14:25:39.216 16269 16269 F DEBUG   :     #76 pc 003a119e  /system/framework/boot-framework.vdex (android.app.ActivityThread.main+214)
02-21 14:25:39.216 16269 16269 F DEBUG   :     #77 pc 001c4d53  /system/lib/libart.so (_ZN3art11interpreterL7ExecuteEPNS_6ThreadERKNS_20CodeItemDataAccessorERNS_11ShadowFrameENS_6JValueEb.llvm.978532534+378)
02-21 14:25:39.216 16269 16269 F DEBUG   :     #78 pc 001c937f  /system/lib/libart.so (art::interpreter::EnterInterpreterFromEntryPoint(art::Thread*, art::CodeItemDataAccessor const&, art::ShadowFrame*)+82)
02-21 14:25:39.216 16269 16269 F DEBUG   :     #79 pc 003d5999  /system/lib/libart.so (artQuickToInterpreterBridge+880)
02-21 14:25:39.216 16269 16269 F DEBUG   :     #80 pc 004122ff  /system/lib/libart.so (art_quick_to_interpreter_bridge+30)
02-21 14:25:39.216 16269 16269 F DEBUG   :     #81 pc 0040dd75  /system/lib/libart.so (art_quick_invoke_stub_internal+68)
02-21 14:25:39.216 16269 16269 F DEBUG   :     #82 pc 003e735f  /system/lib/libart.so (art_quick_invoke_static_stub+222)
02-21 14:25:39.216 16269 16269 F DEBUG   :     #83 pc 000a1027  /system/lib/libart.so (art::ArtMethod::Invoke(art::Thread*, unsigned int*, unsigned int, art::JValue*, char const*)+154)
02-21 14:25:39.216 16269 16269 F DEBUG   :     #84 pc 00347e25  /system/lib/libart.so (art::(anonymous namespace)::InvokeWithArgArray(art::ScopedObjectAccessAlreadyRunnable const&, art::ArtMethod*, art::(anonymous namespace)::ArgArray*, art::JValue*, char const*)+52)
02-21 14:25:39.216 16269 16269 F DEBUG   :     #85 pc 00349275  /system/lib/libart.so (art::InvokeMethod(art::ScopedObjectAccessAlreadyRunnable const&, _jobject*, _jobject*, _jobject*, unsigned int)+1024)
02-21 14:25:39.216 16269 16269 F DEBUG   :     #86 pc 002fb36d  /system/lib/libart.so (art::Method_invoke(_JNIEnv*, _jobject*, _jobject*, _jobjectArray*)+40)
02-21 14:25:39.216 16269 16269 F DEBUG   :     #87 pc 0011326f  /system/framework/arm/boot-core-oj.oat (offset 0x10d000) (java.lang.Class.getDeclaredMethodInternal [DEDUPED]+110)
02-21 14:25:39.216 16269 16269 F DEBUG   :     #88 pc 0040dd75  /system/lib/libart.so (art_quick_invoke_stub_internal+68)
02-21 14:25:39.216 16269 16269 F DEBUG   :     #89 pc 003e725d  /system/lib/libart.so (art_quick_invoke_stub+224)
02-21 14:25:39.216 16269 16269 F DEBUG   :     #90 pc 000a1015  /system/lib/libart.so (art::ArtMethod::Invoke(art::Thread*, unsigned int*, unsigned int, art::JValue*, char const*)+136)
02-21 14:25:39.216 16269 16269 F DEBUG   :     #91 pc 001e5ae9  /system/lib/libart.so (art::interpreter::ArtInterpreterToCompiledCodeBridge(art::Thread*, art::ArtMethod*, art::ShadowFrame*, unsigned short, art::JValue*)+236)
02-21 14:25:39.216 16269 16269 F DEBUG   :     #92 pc 001e05d7  /system/lib/libart.so (bool art::interpreter::DoCall<false, false>(art::ArtMethod*, art::Thread*, art::ShadowFrame&, art::Instruction const*, unsigned short, art::JValue*)+814)
02-21 14:25:39.216 16269 16269 F DEBUG   :     #93 pc 003e1eb3  /system/lib/libart.so (MterpInvokeVirtual+442)
02-21 14:25:39.216 16269 16269 F DEBUG   :     #94 pc 00400a14  /system/lib/libart.so (ExecuteMterpImpl+14228)
02-21 14:25:39.216 16269 16269 F DEBUG   :     #95 pc 00c49dde  /system/framework/boot-framework.vdex (com.android.internal.os.RuntimeInit$MethodAndArgsCaller.run+22)
02-21 14:25:39.216 16269 16269 F DEBUG   :     #96 pc 001c4d53  /system/lib/libart.so (_ZN3art11interpreterL7ExecuteEPNS_6ThreadERKNS_20CodeItemDataAccessorERNS_11ShadowFrameENS_6JValueEb.llvm.978532534+378)
02-21 14:25:39.216 16269 16269 F DEBUG   :     #97 pc 001c937f  /system/lib/libart.so (art::interpreter::EnterInterpreterFromEntryPoint(art::Thread*, art::CodeItemDataAccessor const&, art::ShadowFrame*)+82)
02-21 14:25:39.216 16269 16269 F DEBUG   :     #98 pc 003d5999  /system/lib/libart.so (artQuickToInterpreterBridge+880)
02-21 14:25:39.216 16269 16269 F DEBUG   :     #99 pc 004122ff  /system/lib/libart.so (art_quick_to_interpreter_bridge+30)
02-21 14:25:39.216 16269 16269 F DEBUG   :     #100 pc 00a314f5  /system/framework/arm/boot-framework.oat (offset 0x3b7000) (com.android.internal.os.ZygoteInit.main+2836)
02-21 14:25:39.216 16269 16269 F DEBUG   :     #101 pc 0040dd75  /system/lib/libart.so (art_quick_invoke_stub_internal+68)
02-21 14:25:39.216 16269 16269 F DEBUG   :     #102 pc 003e735f  /system/lib/libart.so (art_quick_invoke_static_stub+222)
02-21 14:25:39.216 16269 16269 F DEBUG   :     #103 pc 000a1027  /system/lib/libart.so (art::ArtMethod::Invoke(art::Thread*, unsigned int*, unsigned int, art::JValue*, char const*)+154)
02-21 14:25:39.216 16269 16269 F DEBUG   :     #104 pc 00347e25  /system/lib/libart.so (art::(anonymous namespace)::InvokeWithArgArray(art::ScopedObjectAccessAlreadyRunnable const&, art::ArtMethod*, art::(anonymous namespace)::ArgArray*, art::JValue*, char const*)+52)
02-21 14:25:39.216 16269 16269 F DEBUG   :     #105 pc 00347c4f  /system/lib/libart.so (art::InvokeWithVarArgs(art::ScopedObjectAccessAlreadyRunnable const&, _jobject*, _jmethodID*, std::__va_list)+310)
02-21 14:25:39.216 16269 16269 F DEBUG   :     #106 pc 0028eb11  /system/lib/libart.so (art::JNI::CallStaticVoidMethodV(_JNIEnv*, _jclass*, _jmethodID*, std::__va_list)+444)
02-21 14:25:39.216 16269 16269 F DEBUG   :     #107 pc 0006dcf3  /system/lib/libandroid_runtime.so (_JNIEnv::CallStaticVoidMethod(_jclass*, _jmethodID*, ...)+30)
02-21 14:25:39.216 16269 16269 F DEBUG   :     #108 pc 0006ffd1  /system/lib/libandroid_runtime.so (android::AndroidRuntime::start(char const*, android::Vector<android::String8> const&, bool)+592)
02-21 14:25:39.216 16269 16269 F DEBUG   :     #109 pc 00001b1b  /system/bin/app_process32 (main+882)
02-21 14:25:39.216 16269 16269 F DEBUG   :     #110 pc 0008af6d  /system/lib/libc.so (__libc_init+48)
02-21 14:25:39.216 16269 16269 F DEBUG   :     #111 pc 00001767  /system/bin/app_process32 (_start_main+38)
02-21 14:25:39.216 16269 16269 F DEBUG   :     #112 pc 00000306  <anonymous:f143a000>
02-21 14:25:39.195  1257  6399 I chatty  : uid=10142(com.tencent.wework) RenderThread identical 1 line
02-21 14:25:39.212  1257  6399 E libc    : Access denied finding property "vendor.debug.egl.swapinterval"
02-21 14:25:39.230  8573  9251 I CZL_META: 
02-21 14:25:39.230  8573  9251 I CZL_META: [8573]    meta(1213)
02-21 14:25:39.231  1257  6399 E libc    : Access denied finding property "vendor.debug.egl.swapinterval"
02-21 14:25:39.245  1257  6399 I chatty  : uid=10142(com.tencent.wework) RenderThread identical 1 line
02-21 14:25:39.261  1257  6399 E libc    : Access denied finding property "vendor.debug.egl.swapinterval"
02-21 14:25:39.265 19492 19787 W GnssLocationProvider: stopNavigating
02-21 14:25:39.277  1257  6399 E libc    : Access denied finding property "vendor.debug.egl.swapinterval"
02-21 14:25:39.307 19492 19507 D ActivityManager: skip: com.tencent.mm
02-21 14:25:39.294  1257  6399 E libc    : Access denied finding property "vendor.debug.egl.swapinterval"
02-21 14:25:39.308 19371  9022 D AudioPolicyService: setRecordSilenced() uid 10043 on silenced 1
02-21 14:25:39.312  1257  6399 E libc    : Access denied finding property "vendor.debug.egl.swapinterval"
02-21 14:25:39.345  1257  6399 I chatty  : uid=10142(com.tencent.wework) RenderThread identical 2 lines
02-21 14:25:39.364  1257  6399 E libc    : Access denied finding property "vendor.debug.egl.swapinterval"
02-21 14:25:39.370 16225 16264 I Shixing_ffmpeg: SoundService::producePacket() audio player call back method... 
02-21 14:25:39.371 16225 16264 I Shixing_ffmpeg: enter SoundService::producePacket() PLAYING_STATE_PLAYING packetBufferSize=35280, result=17640
02-21 14:25:39.371 16225 16264 I Shixing_ffmpeg: producePacket result: 17640
02-21 14:25:39.371 16225 16264 I Shixing_ffmpeg: enter convertByteArrayFromShortArray
02-21 14:25:39.371 16225 16264 I Shixing_ffmpeg: after convertByteArrayFromShortArray
02-21 14:25:39.380  1257  6399 E libc    : Access denied finding property "vendor.debug.egl.swapinterval"
02-21 14:25:39.383  1029  1029 E /system/bin/tombstoned: Tombstone written to: /data/tombstones/tombstone_08
02-21 14:25:39.399  1257  6399 E libc    : Access denied finding property "vendor.debug.egl.swapinterval"
02-21 14:25:39.400 19492 16272 W ActivityManager:   Force finishing activity com.player.xingfeng.multimedia/.audioplay.AudioPlayActivity
02-21 14:25:39.401 19492 16272 D ActivityTrigger: ActivityTrigger activityPauseTrigger 
02-21 14:25:39.405 19492 19507 D RestartProcessManager: increase duration : 1849 for com.player.xingfeng.multimedia
02-21 14:25:39.410 19492 19508 I ActivityManager: Showing crash dialog for package com.player.xingfeng.multimedia u0
02-21 14:25:39.412 19492 19508 E system_server: Invalid ID 0x00000000.
02-21 14:25:39.414 20629 21118 D OPReportService: addMonitorFolder onEvent path=data_app_native_crash@2020-02-21-14_25_39_412.txt.gz, event:128
02-21 14:25:39.415  1257  6399 E libc    : Access denied finding property "vendor.debug.egl.swapinterval"
02-21 14:25:39.420 19492 19508 E system_server: Invalid ID 0x00000000.
02-21 14:25:39.425 19492 19508 E system_server: Invalid ID 0x00000000.
02-21 14:25:39.428  1257  6399 E libc    : Access denied finding property "vendor.debug.egl.swapinterval"
02-21 14:25:39.430 19492 19508 E system_server: Invalid ID 0x00000000.
02-21 14:25:39.440 19492 19508 I chatty  : uid=1000(system) android.ui identical 15 lines
02-21 14:25:39.440 19492 19508 E system_server: Invalid ID 0x00000000.
02-21 14:25:39.444  1257  6399 E libc    : Access denied finding property "vendor.debug.egl.swapinterval"
02-21 14:25:39.452 19492 19581 W InputDispatcher: channel '9fc498a com.player.xingfeng.multimedia/com.player.xingfeng.multimedia.audioplay.AudioPlayActivity (server)' ~ Consumer closed input channel or an error occurred.  events=0x9
02-21 14:25:39.453 19492 19581 E InputDispatcher: channel '9fc498a com.player.xingfeng.multimedia/com.player.xingfeng.multimedia.audioplay.AudioPlayActivity (server)' ~ Channel is unrecoverably broken and will be disposed!
02-21 14:25:39.459 19492 19581 W InputDispatcher: channel '7a5a0fc com.player.xingfeng.multimedia/com.player.xingfeng.multimedia.StartActivity (server)' ~ Consumer closed input channel or an error occurred.  events=0x9
02-21 14:25:39.459 19492 19581 E InputDispatcher: channel '7a5a0fc com.player.xingfeng.multimedia/com.player.xingfeng.multimedia.StartActivity (server)' ~ Channel is unrecoverably broken and will be disposed!
02-21 14:25:39.462  1257  6399 E libc    : Access denied finding property "vendor.debug.egl.swapinterval"
02-21 14:25:39.463 19492 20285 I WindowManager: WIN DEATH: Window{7a5a0fc u0 com.player.xingfeng.multimedia/com.player.xingfeng.multimedia.StartActivity}
02-21 14:25:39.463 19492 20285 W InputDispatcher: Attempted to unregister already unregistered input channel '7a5a0fc com.player.xingfeng.multimedia/com.player.xingfeng.multimedia.StartActivity (server)'
02-21 14:25:39.466 19492 25585 I ActivityManager: Process com.player.xingfeng.multimedia (pid 16225) has died: fore TOP 
02-21 14:25:39.467 19492 19510 W libprocessgroup: kill(-16225, 9) failed: No such process
02-21 14:25:39.469 19370 19370 I Zygote  : Process 16225 exited due to signal (11)
02-21 14:25:39.470 19492 19825 I WindowManager: WIN DEATH: Window{9fc498a u0 com.player.xingfeng.multimedia/com.player.xingfeng.multimedia.audioplay.AudioPlayActivity}
02-21 14:25:39.471 19492 19825 W InputDispatcher: Attempted to unregister already unregistered input channel '9fc498a com.player.xingfeng.multimedia/com.player.xingfeng.multimedia.audioplay.AudioPlayActivity (server)'
02-21 14:25:39.482  1257  6399 E libc    : Access denied finding property "vendor.debug.egl.swapinterval"
02-21 14:25:39.494 19492 19638 I OpenGLRenderer: Initialized EGL, version 1.4
02-21 14:25:39.494 19492 19638 D OpenGLRenderer: Swap behavior 2
02-21 14:25:39.496   767   862 W SurfaceFlinger: Attempting to set client state on removed layer: com.player.xingfeng.multimedia/com.player.xingfeng.multimedia.audioplay.AudioPlayActivity#0
02-21 14:25:39.496   767   862 W SurfaceFlinger: Attempting to destroy on removed layer: com.player.xingfeng.multimedia/com.player.xingfeng.multimedia.audioplay.AudioPlayActivity#0
02-21 14:25:39.503  1257  6399 E libc    : Access denied finding property "vendor.debug.egl.swapinterval"
02-21 14:25:39.511 19492 25585 D ActivityTrigger: activityResumeTrigger: The activity in ApplicationInfo{d7cea8b com.player.xingfeng.multimedia} is now in focus and seems to be in full-screen mode
02-21 14:25:39.512 19492 25585 E ActivityTrigger: activityResumeTrigger: not whiteListedcom.player.xingfeng.multimedia/com.player.xingfeng.multimedia.StartActivity/1
02-21 14:25:39.514 19492 19510 W libprocessgroup: kill(-16225, 9) failed: No such process
02-21 14:25:39.514 19492 19510 I libprocessgroup: Successfully killed process cgroup uid 10095 pid 16225 in 46ms
02-21 14:25:39.519  1257  6399 E libc    : Access denied finding property "vendor.debug.egl.swapinterval"
02-21 14:25:39.522 19492 19515 W ActivityManager: setHasOverlayUi called on unknown pid: 16225
02-21 14:25:39.523 19492 19507 D RestartProcessManager: Update Total Launch Times :com.player.xingfeng.multimedia
02-21 14:25:39.523 19492 19507 D RestartProcessManager: updateSelf :  com.player.xingfeng.multimedia, size : 30
02-21 14:25:39.523 19492 19507 D RestartProcessManager: Last Running Package : com.player.xingfeng.multimedia , start time 1582266339523
02-21 14:25:39.523 19371  9022 D AudioPolicyService: setRecordSilenced() uid 10095 on silenced 1
02-21 14:25:39.526 20729 20729 I RecentsModel: onTaskStackChanged# mTaskChangeId=9058
02-21 14:25:39.528  1257  6399 E libc    : Access denied finding property "vendor.debug.egl.swapinterval"
02-21 14:25:39.531 19371 19463 D AudioResampler: resampler ~AudioResampler load 170 -> 136 MHz due to delta -34 MHz from quality 8
02-21 14:25:39.531 19371 19439 I APM_AudioPolicyManager: stopOutput() output 13, stream 3, session 49433
02-21 14:25:39.531 19371 19439 I APM_AudioPolicyManager: getNewOutputDevice() selected device 2
02-21 14:25:39.535 16276 16276 I feng.multimedi: Late-enabling -Xcheck:jni
02-21 14:25:39.536 19492 19509 I ActivityManager: Start proc 16276:com.player.xingfeng.multimedia/u0a95 for activity com.player.xingfeng.multimedia/.StartActivity
02-21 14:25:39.548  1257  6399 E libc    : Access denied finding property "vendor.debug.egl.swapinterval"
02-21 14:25:39.570 19492 20543 D OnePlusSmartBoostManager: writeHotCount com.player.xingfeng.multimedia, pid=16276
02-21 14:25:39.577  1257  6399 I chatty  : uid=10142(com.tencent.wework) RenderThread identical 2 lines
02-21 14:25:39.595  1257  6399 E libc    : Access denied finding property "vendor.debug.egl.swapinterval"
02-21 14:25:39.601 19371 31574 D AudioPolicyService: setRecordSilenced() uid 10095 on silenced 0
02-21 14:25:39.601 16276 16290 I feng.multimedi: The ClassLoaderContext is a special shared library.
02-21 14:25:39.611  1257  6399 E libc    : Access denied finding property "vendor.debug.egl.swapinterval"
02-21 14:25:39.654  1257  6399 I chatty  : uid=10142(com.tencent.wework) RenderThread identical 2 lines
02-21 14:25:39.662  1257  6399 E libc    : Access denied finding property "vendor.debug.egl.swapinterval"
02-21 14:25:39.674 16276 16276 W feng.multimedi: JIT profile information will not be recorded: profile file does not exits.
02-21 14:25:39.676 16276 16276 I chatty  : uid=10095(com.player.xingfeng.multimedia) identical 10 lines
02-21 14:25:39.676 16276 16276 W feng.multimedi: JIT profile information will not be recorded: profile file does not exits.
02-21 14:25:39.679  1257  6399 E libc    : Access denied finding property "vendor.debug.egl.swapinterval"
02-21 14:25:39.695  1257  6399 E libc    : Access denied finding property "vendor.debug.egl.swapinterval"
02-21 14:25:39.706 16276 16276 I Perf    : Connecting to perf service.
02-21 14:25:39.712  1257  6399 E libc    : Access denied finding property "vendor.debug.egl.swapinterval"
02-21 14:25:39.718 16276 16276 I InstantRun: starting instant run server: is main process
02-21 14:25:39.728  1257  6399 E libc    : Access denied finding property "vendor.debug.egl.swapinterval"
02-21 14:25:39.734 16276 16295 E libc    : Access denied finding property "vendor.debug.egl.profiler"
02-21 14:25:39.734 16276 16295 E libc    : Access denied finding property "vendor.debug.prerotation.disable"
02-21 14:25:39.745  1257  6399 E libc    : Access denied finding property "vendor.debug.egl.swapinterval"
02-21 14:25:39.843  1257  6399 I chatty  : uid=10142(com.tencent.wework) RenderThread identical 6 lines
02-21 14:25:39.859  1257  6399 E libc    : Access denied finding property "vendor.debug.egl.swapinterval"
02-21 14:25:39.861 16276 16276 W feng.multimedi: Accessing hidden method Landroid/view/View;->computeFitSystemWindows(Landroid/graphics/Rect;Landroid/graphics/Rect;)Z (light greylist, reflection)
02-21 14:25:39.862 16276 16276 W feng.multimedi: Accessing hidden method Landroid/view/ViewGroup;->makeOptionalFitsSystemWindows()V (light greylist, reflection)
02-21 14:25:39.881  1257  6399 E libc    : Access denied finding property "vendor.debug.egl.swapinterval"
02-21 14:25:39.895  1257  6399 E libc    : Access denied finding property "vendor.debug.egl.swapinterval"
02-21 14:25:39.906 16276 16276 D OpenGLRenderer: Skia GL Pipeline
02-21 14:25:39.909  1257  6399 E libc    : Access denied finding property "vendor.debug.egl.swapinterval"
02-21 14:25:39.929  1257  6399 I chatty  : uid=10142(com.tencent.wework) RenderThread identical 1 line
02-21 14:25:39.945  1257  6399 E libc    : Access denied finding property "vendor.debug.egl.swapinterval"
02-21 14:25:39.934  1257  1257 W RenderThread: type=1400 audit(0.0:27438331): avc: denied { read } for name="u:object_r:vendor_default_prop:s0" dev="tmpfs" ino=22212 scontext=u:r:untrusted_app:s0:c142,c256,c512,c768 tcontext=u:object_r:vendor_default_prop:s0 tclass=file permissive=0
02-21 14:25:39.949 16276 16297 I Adreno  : QUALCOMM build                   : f909f5a, Ida6448821d
02-21 14:25:39.949 16276 16297 I Adreno  : Build Date                       : 11/12/18
02-21 14:25:39.949 16276 16297 I Adreno  : OpenGL ES Shader Compiler Version: EV031.25.03.00
02-21 14:25:39.949 16276 16297 I Adreno  : Local Branch                     : 
02-21 14:25:39.949 16276 16297 I Adreno  : Remote Branch                    : refs/tags/AU_LINUX_ANDROID_LA.UM.7.3.R1.08.00.00.423.039
02-21 14:25:39.949 16276 16297 I Adreno  : Remote Branch                    : NONE
02-21 14:25:39.949 16276 16297 I Adreno  : Reconstruct Branch               : NOTHING
02-21 14:25:39.950 16276 16297 I Adreno  : Build Config                     : S P 6.0.3 AArch32
02-21 14:25:39.944 16276 16276 W RenderThread: type=1400 audit(0.0:27438332): avc: denied { read } for name="u:object_r:vendor_default_prop:s0" dev="tmpfs" ino=22212 scontext=u:r:untrusted_app:s0:c95,c256,c512,c768 tcontext=u:object_r:vendor_default_prop:s0 tclass=file permissive=0
02-21 14:25:39.954 16276 16297 E libc    : Access denied finding property "vendor.debug.prerotation.disable"
02-21 14:25:39.944 16276 16276 W RenderThread: type=1400 audit(0.0:27438333): avc: denied { read } for name="u:object_r:vendor_default_prop:s0" dev="tmpfs" ino=22212 scontext=u:r:untrusted_app:s0:c95,c256,c512,c768 tcontext=u:object_r:vendor_default_prop:s0 tclass=file permissive=0
02-21 14:25:39.956 16276 16297 E libc    : Access denied finding property "ro.vendor.graphics.memory"
02-21 14:25:39.957 16276 16297 E libc    : Access denied finding property "vendor.debug.prerotation.disable"
02-21 14:25:39.957 16276 16297 E libc    : Access denied finding property "vendor.debug.prerotation.disable"
02-21 14:25:39.959 16276 16297 I Adreno  : PFP: 0x016ee170, ME: 0x00000000
02-21 14:25:39.959 16276 16297 E libc    : Access denied finding property "vendor.debug.prerotation.disable"
02-21 14:25:39.944 16276 16276 W RenderThread: type=1400 audit(0.0:27438334): avc: denied { read } for name="u:object_r:vendor_default_prop:s0" dev="tmpfs" ino=22212 scontext=u:r:untrusted_app:s0:c95,c256,c512,c768 tcontext=u:object_r:vendor_default_prop:s0 tclass=file permissive=0
02-21 14:25:39.944 16276 16276 W RenderThread: type=1400 audit(0.0:27438335): avc: denied { search } for name="proc" dev="debugfs" ino=16694 scontext=u:r:untrusted_app:s0:c95,c256,c512,c768 tcontext=u:object_r:qti_debugfs:s0 tclass=dir permissive=0
02-21 14:25:39.962  1257  6399 E libc    : Access denied finding property "vendor.debug.egl.swapinterval"
02-21 14:25:39.967 16276 16297 I ConfigStore: android::hardware::configstore::V1_0::ISurfaceFlingerConfigs::hasWideColorDisplay retrieved: 1
02-21 14:25:39.967 16276 16297 I ConfigStore: android::hardware::configstore::V1_0::ISurfaceFlingerConfigs::hasHDRDisplay retrieved: 0
02-21 14:25:39.967 16276 16297 I OpenGLRenderer: Initialized EGL, version 1.4
02-21 14:25:39.967 16276 16297 D OpenGLRenderer: Swap behavior 2
02-21 14:25:39.975 16276 16297 E libc    : Access denied finding property "vendor.debug.egl.changepixelformat"
02-21 14:25:39.979  1257  6399 E libc    : Access denied finding property "vendor.debug.egl.swapinterval"
02-21 14:25:40.010  1257  6399 I chatty  : uid=10142(com.tencent.wework) RenderThread identical 2 lines
02-21 14:25:40.028  1257  6399 E libc    : Access denied finding property "vendor.debug.egl.swapinterval"
02-21 14:25:40.030 16276 16297 E libc    : Access denied finding property "vendor.debug.egl.swapinterval"
02-21 14:25:40.031 16276 16297 D         : Successfully load libgui-plugin.so, this=0xedaba068
02-21 14:25:40.045  1257  6399 E libc    : Access denied finding property "vendor.debug.egl.swapinterval"
02-21 14:25:40.052 19492 19515 I ActivityManager: Displayed com.player.xingfeng.multimedia/.StartActivity: +523ms
02-21 14:25:40.053 19492 19570 E OnePlusSmartBoostManager: socket connect
02-21 14:25:40.053 19492 19570 E OnePlusSmartBoostManager: cmd: iop_start 16276 com.player.xingfeng.multimedia /data/app/com.player.xingfeng.multimedia--DS-dazdUFNkB2mfZsPlaA== false length = 118
02-21 14:25:40.053 19492 19570 E OnePlusSmartBoostManager: data: [B@dff42ee length = 118
02-21 14:25:40.053   943 16299 E ANDR-RAMBOOST_SERVER: ramboost cmd_len = 118 cmd: iop_start 16276 com.player.xingfeng.multimedia /data/app/com.player.xingfeng.multimedia--DS-dazdUFNkB2mfZsPlaA== false
02-21 14:25:40.054   943 16299 E ANDR-RAMBOOST_SERVER: io prefetch Capture is deactivated 
02-21 14:25:40.063  1257  6399 E libc    : Access denied finding property "vendor.debug.egl.swapinterval"
02-21 14:25:40.067  1257 13822 I AudioManager: In isSpeakerphoneOn(), calling application: com.tencent.wework
02-21 14:25:40.067 19492 20285 I AudioService: In isSpeakerphoneOn(), mForcedUseForCommExt: 1
02-21 14:25:40.079  1257  6399 E libc    : Access denied finding property "vendor.debug.egl.swapinterval"
02-21 14:25:40.090  1257  1257 I session_reporter.cc: session_reporter.cc:2234|4E9|[Basic Info]
02-21 14:25:40.090  1257  1257 I session_reporter.cc: Sys[CPU:0.00%(App) 0.00%(Sys) Freq:1766 Temp:42 TM:7637MB FM:1267MB Proc:230.72MB]
02-21 14:25:40.090  1257  1257 I session_reporter.cc: Net[Type:wifi Snd:3kbps@4pkt Rec:52kbps@63pkt RTT:40ms Msg:644 Pkt:638]
02-21 14:25:40.090  1257  1257 I session_reporter.cc: Snd[LossRate:0.00% LossRateResend:0.00 Total:0 Real:0 Resend:0]
02-21 14:25:40.090  1257  1257 I session_reporter.cc: Rec[LossRate:0.00% LossRateRerecv:0.00 Total:64 Real:64]
02-21 14:25:40.090  1257  1257 I session_reporter.cc: [QoE Info]
02-21 14:25:40.090  1257  1257 I session_reporter.cc: [Snd]rtt=50-50 loss=0.00
02-21 14:25:40.090  1257  1257 I session_reporter.cc: [Rec]rtt=50-200 loss=0.00
02-21 14:25:40.090  1257  1257 I session_reporter.cc: CC[codec_br[min/max]:0[200/2500](kbps) acked_br:1(kbps) send_br:0(kbps) state:(0)]
02-21 14:25:40.090  1257  1257 I session_reporter.cc: [Ping Info]
02-21 14:25:40.090  1257  1257 I session_reporter.cc: [RTT:192.168.31.1:1 ms]
02-21 14:25:40.090  1257  1257 I session_reporter.cc: [Video Info]
02-21 14:25:40.090  1257  1257 I session_reporter.cc: NetState[Snd:1@2 Recv:1@1][State:0 Rtt:43]
02-21 14:25:40.090  1257  1257 I session_reporter.cc: [QoS Info]
02-21 14:25:40.090  1257  1257 I session_reporter.cc: Audio[Codec:4129 SR:16000 BR:20000 pktMS:20 NM:4+4 MTU:0 INFEC:0 Jitter:300,400-2000 Arq:1 Gap:2 Delay:2000 Cnt:20]
02-21 14:25:40.090  1257  1257 I session_reporter.cc: [Audio Info]
02-21 14:25:40.090  1257  1257 I session_reporter.cc: Prep[vol:0 AEC:1 delay:(0,-2,-100) bias:1 leak:0 AGC:1 bef:0 aft:0 gain:0 clip:0 noise:-110 ANS:1 VAD:1 moba:0 S:0 rate:100 HOW:0 S:0 NOISE:1 S:0 RNN:0 S:0 bt:0 quant:N]
02-21 14:25:40.090  1257  1257 I session_reporter.cc: Post[vol:0 CNG:0 dB:0 HOW:0 S:0 BWE:0 S:0]
02-21 14:25:40.090  1257  1257 I session_reporter.cc: preview:0 scene:0
02-21 14:25:40.090  1257  1257 I session_reporter.cc: CAP:0 Err:0 sys-vol:(0,0) inDev:NA,JAVA,mode:0 name: Energy:0,0,0,0,0 delta:0m
02-21 14:25:40.102  1257  6399 E libc    : Access denied finding property "vendor.debug.egl.swapinterval"
02-21 14:25:40.119  1257  6399 E libc    : Access denied finding property "vendor.debug.egl.swapinterval"
02-21 14:25:40.125  1257 13815 I rs_statistic.cc: rs_statistic.cc:411|35F7|[144115215835873344]audio fec ok:10000 userate:0 loss:0 audio jitter:40 recv:199 real:199 in 4S
02-21 14:25:40.125  1257 13816 E audio_jitter.cc: audio_jitter.cc:1015|35F8|netsrc[0xbcf252c0,144115215835873344]recv:3806 last4S:200
02-21 14:25:40.135  1257  6399 E libc    : Access denied finding property "vendor.debug.egl.swapinterval"
02-21 14:25:40.197  1257  6399 I chatty  : uid=10142(com.tencent.wework) RenderThread identical 3 lines
02-21 14:25:40.199  1257  6399 E libc    : Access denied finding property "vendor.debug.egl.swapinterval"
02-21 14:25:40.215   767   863 W SurfaceFlinger: Attempting to set client state on removed layer: Splash Screen com.player.xingfeng.multimedia#0
02-21 14:25:40.215   767   863 W SurfaceFlinger: Attempting to destroy on removed layer: Splash Screen com.player.xingfeng.multimedia#0
02-21 14:25:40.218  1257  6399 E libc    : Access denied finding property "vendor.debug.egl.swapinterval"
02-21 14:25:40.579  1257  6399 I chatty  : uid=10142(com.tencent.wework) RenderThread identical 22 lines
02-21 14:25:40.596  1257  6399 E libc    : Access denied finding property "vendor.debug.egl.swapinterval"
02-21 14:25:40.612  1257 13825 W audio_device.c: audio_device.c:104|3601|[AUDIO_DEVICE]outdevmeter: 18125,15846,22547,20820,18186
02-21 14:25:40.612  1257  6399 E libc    : Access denied finding property "vendor.debug.egl.swapinterval"
02-21 14:25:40.647  1257  6399 I chatty  : uid=10142(com.tencent.wework) RenderThread identical 2 lines
02-21 14:25:40.662  1257  6399 E libc    : Access denied finding property "vendor.debug.egl.swapinterval"
02-21 14:25:40.671  1257 13825 E jbm_pcm_adaptive_buffer.cc: jbm_pcm_adaptive_buffer.cc:739|3601|[0xad297000]JBM[0]UID[144115215835873344][1715086811]BufferS:0,60,300,291,311,0,0,0,0[0|0|0|0][5|103|145]
02-21 14:25:40.680  1257  6399 E libc    : Access denied finding property "vendor.debug.egl.swapinterval"
02-21 14:25:40.815  1257  6399 I chatty  : uid=10142(com.tencent.wework) RenderThread identical 8 lines
02-21 14:25:40.829  1257  6399 E libc    : Access denied finding property "vendor.debug.egl.swapinterval"
02-21 14:25:40.844  1257 13815 I xc_packet_history.c: xc_packet_history.c:174|35F7|ssrc=117445028 seq[4944/3496] ts[1718374324/1715086984] frm[0/0] len:60 lan:0
02-21 14:25:40.846  1257  6399 E libc    : Access denied finding property "vendor.debug.egl.swapinterval"
02-21 14:25:40.929  1257  6399 I chatty  : uid=10142(com.tencent.wework) RenderThread identical 5 lines
02-21 14:25:40.946  1257  6399 E libc    : Access denied finding property "vendor.debug.egl.swapinterval"
02-21 14:25:40.954  1257  1257 W RenderThread: type=1400 audit(0.0:27438400): avc: denied { read } for name="u:object_r:vendor_default_prop:s0" dev="tmpfs" ino=22212 scontext=u:r:untrusted_app:s0:c142,c256,c512,c768 tcontext=u:object_r:vendor_default_prop:s0 tclass=file permissive=0
02-21 14:25:40.963  1257  6399 E libc    : Access denied finding property "vendor.debug.egl.swapinterval"
02-21 14:25:40.974  1257  1257 W RenderThread: type=1400 audit(0.0:27438401): avc: denied { read } for name="u:object_r:vendor_default_prop:s0" dev="tmpfs" ino=22212 scontext=u:r:untrusted_app:s0:c142,c256,c512,c768 tcontext=u:object_r:vendor_default_prop:s0 tclass=file permissive=0
02-21 14:25:40.983  1257  6399 E libc    : Access denied finding property "vendor.debug.egl.swapinterval"
02-21 14:25:40.984  1257  1257 W RenderThread: type=1400 audit(0.0:27438402): avc: denied { read } for name="u:object_r:vendor_default_prop:s0" dev="tmpfs" ino=22212 scontext=u:r:untrusted_app:s0:c142,c256,c512,c768 tcontext=u:object_r:vendor_default_prop:s0 tclass=file permissive=0
02-21 14:25:40.997  1257  6399 E libc    : Access denied finding property "vendor.debug.egl.swapinterval"
02-21 14:25:41.006  1257 13815 I arq_notify.cc: arq_notify.cc:928|35F7|[144115215835873344]Arq Stat Common:LossB:33 LossA:0 BitrateBefore:0 BitrateAfter:0 CntMax:0 CntAvg:0 CostM:63 CostA:48 RttM:63 RttA:48 ReqCnt:0 RevCnt:0 ReqRatio:1.00 Interval:3218
02-21 14:25:41.006  1257 13815 I arq_notify.cc: arq_notify.cc:934|35F7|[144115215835873344]Arq:1 Rtt:41 Count:0 Seq:4953 TriggerA:0 TriggerB:0 Cb:0xc388a93d Eos cnt:5 Eos seq:233
02-21 14:25:41.011  1257 13815 I xc_jitter_buffer.c: xc_jitter_buffer.c:653|35F7|ssrc=117445028 seq[4954/3506] delay[0/-33.00] ts[1718374484/1715087151/0.00] fec[0/0/0/1] keyfrm=0 frm[0/0]
02-21 14:25:41.004  1257  1257 W RenderThread: type=1400 audit(0.0:27438403): avc: denied { read } for name="u:object_r:vendor_default_prop:s0" dev="tmpfs" ino=22212 scontext=u:r:untrusted_app:s0:c142,c256,c512,c768 tcontext=u:object_r:vendor_default_prop:s0 tclass=file permissive=0
02-21 14:25:41.014  1257  6399 E libc    : Access denied finding property "vendor.debug.egl.swapinterval"
02-21 14:25:41.024  1257  1257 W RenderThread: type=1400 audit(0.0:27438404): avc: denied { read } for name="u:object_r:vendor_default_prop:s0" dev="tmpfs" ino=22212 scontext=u:r:untrusted_app:s0:c142,c256,c512,c768 tcontext=u:object_r:vendor_default_prop:s0 tclass=file permissive=0
02-21 14:25:41.030  1257  6399 E libc    : Access denied finding property "vendor.debug.egl.swapinterval"
02-21 14:25:41.508  1257  6399 I chatty  : uid=10142(com.tencent.wework) RenderThread identical 28 lines
02-21 14:25:41.514  1257  6399 E libc    : Access denied finding property "vendor.debug.egl.swapinterval"
02-21 14:25:41.515 19682 19682 W View    : requestLayout() improperly called by com.android.systemui.statusbar.NetworkSpeedView{c1cc0bc V.ED..... ......ID 0,0-147,51} during layout: running second layout pass
02-21 14:25:41.516 19682 19682 W View    : requestLayout() improperly called by com.android.systemui.statusbar.NetworkSpeedView{6903b9a V.ED..... ......ID 0,0-147,51} during layout: running second layout pass
02-21 14:25:41.530  1257  6399 E libc    : Access denied finding property "vendor.debug.egl.swapinterval"
02-21 14:25:41.547 19492 19638 D OpenGLRenderer: endAllActiveAnimators on 0x72d58fad00 (RippleDrawable) with handle 0x72d032e460
02-21 14:25:41.547  1257  6399 E libc    : Access denied finding property "vendor.debug.egl.swapinterval"
02-21 14:25:41.548 19492 16272 W ActivityManager: Ignoring remove of inactive process: ProcessRecord{717ab15 0:com.player.xingfeng.multimedia/u0a95}
02-21 14:25:41.550 16276 16297 E libc    : Access denied finding property "vendor.debug.egl.swapinterval"
02-21 14:25:41.562 16276 16292 D DecorView: onWindowFocusChangedFromViewRoot hasFocus: true, DecorView@10a2e[StartActivity]
02-21 14:25:41.563  1257  6399 E libc    : Access denied finding property "vendor.debug.egl.swapinterval"
02-21 14:25:41.564 16276 16297 E libc    : Access denied finding property "vendor.debug.egl.swapinterval"
02-21 14:25:41.577 16276 16297 E libc    : Access denied finding property "vendor.debug.egl.swapinterval"
02-21 14:25:41.579  1257  6399 E libc    : Access denied finding property "vendor.debug.egl.swapinterval"
02-21 14:25:41.594 16276 16297 E libc    : Access denied finding property "vendor.debug.egl.swapinterval"
02-21 14:25:41.597  1257  6399 E libc    : Access denied finding property "vendor.debug.egl.swapinterval"
02-21 14:25:41.610 16276 16297 E libc    : Access denied finding property "vendor.debug.egl.swapinterval"
02-21 14:25:41.612  1257  6399 E libc    : Access denied finding property "vendor.debug.egl.swapinterval"
02-21 14:25:41.627 16276 16297 E libc    : Access denied finding property "vendor.debug.egl.swapinterval"
02-21 14:25:41.629  1257  6399 E libc    : Access denied finding property "vendor.debug.egl.swapinterval"
02-21 14:25:41.643 16276 16297 E libc    : Access denied finding property "vendor.debug.egl.swapinterval"
02-21 14:25:41.647  1257  6399 E libc    : Access denied finding property "vendor.debug.egl.swapinterval"
02-21 14:25:41.661 16276 16297 E libc    : Access denied finding property "vendor.debug.egl.swapinterval"
02-21 14:25:41.665  1257  6399 E libc    : Access denied finding property "vendor.debug.egl.swapinterval"
02-21 14:25:41.679 16276 16297 E libc    : Access denied finding property "vendor.debug.egl.swapinterval"
02-21 14:25:41.682  1257  6399 E libc    : Access denied finding property "vendor.debug.egl.swapinterval"
02-21 14:25:41.695 16276 16297 E libc    : Access denied finding property "vendor.debug.egl.swapinterval"
02-21 14:25:41.697  1257  6399 E libc    : Access denied finding property "vendor.debug.egl.swapinterval"
02-21 14:25:41.716  1257  6399 E libc    : Access denied finding property "vendor.debug.egl.swapinterval"
02-21 14:25:41.716 16276 16297 E libc    : Access denied finding property "vendor.debug.egl.swapinterval"
02-21 14:25:41.730 16276 16297 E libc    : Access denied finding property "vendor.debug.egl.swapinterval"
02-21 14:25:41.734  1257  6399 E libc    : Access denied finding property "vendor.debug.egl.swapinterval"
02-21 14:25:41.744 16276 16297 E libc    : Access denied finding property "vendor.debug.egl.swapinterval"
02-21 14:25:41.748  1257  6399 E libc    : Access denied finding property "vendor.debug.egl.swapinterval"
02-21 14:25:41.759 16276 16297 E libc    : Access denied finding property "vendor.debug.egl.swapinterval"
02-21 14:25:41.762  1257  6399 E libc    : Access denied finding property "vendor.debug.egl.swapinterval"
02-21 14:25:41.778  1257  6399 E libc    : Access denied finding property "vendor.debug.egl.swapinterval"
02-21 14:25:41.779 16276 16297 E libc    : Access denied finding property "vendor.debug.egl.swapinterval"
02-21 14:25:41.793 16276 16297 E libc    : Access denied finding property "vendor.debug.egl.swapinterval"
02-21 14:25:41.794  1257  6399 E libc    : Access denied finding property "vendor.debug.egl.swapinterval"
02-21 14:25:41.893  1257  6399 I chatty  : uid=10142(com.tencent.wework) RenderThread identical 6 lines
02-21 14:25:41.909  1257  6399 E libc    : Access denied finding property "vendor.debug.egl.swapinterval"
02-21 14:25:41.926  1257 13814 I av_connector.cc: av_connector.cc:2228|35F6|[dpch-a] (144115215835873344:117445028:1:5010)
02-21 14:25:41.927  1257  6399 E libc    : Access denied finding property "vendor.debug.egl.swapinterval"
02-21 14:25:41.946  1257  6399 I chatty  : uid=10142(com.tencent.wework) RenderThread identical 1 line
02-21 14:25:41.959  1257  6399 E libc    : Access denied finding property "vendor.debug.egl.swapinterval"
02-21 14:25:41.964  1257  1257 W RenderThread: type=1400 audit(0.0:27438477): avc: denied { read } for name="u:object_r:vendor_default_prop:s0" dev="tmpfs" ino=22212 scontext=u:r:untrusted_app:s0:c142,c256,c512,c768 tcontext=u:object_r:vendor_default_prop:s0 tclass=file permissive=0
02-21 14:25:41.978  1257  6399 E libc    : Access denied finding property "vendor.debug.egl.swapinterval"
02-21 14:25:41.982 15908 15927 D NtpTrustedTime: forceRefreshInternal() - No network connected
02-21 14:25:41.984  1257  1257 W RenderThread: type=1400 audit(0.0:27438478): avc: denied { read } for name="u:object_r:vendor_default_prop:s0" dev="tmpfs" ino=22212 scontext=u:r:untrusted_app:s0:c142,c256,c512,c768 tcontext=u:object_r:vendor_default_prop:s0 tclass=file permissive=0
02-21 14:25:41.996  1257  6399 E libc    : Access denied finding property "vendor.debug.egl.swapinterval"
02-21 14:25:42.004  1257  1257 W RenderThread: type=1400 audit(0.0:27438479): avc: denied { read } for name="u:object_r:vendor_default_prop:s0" dev="tmpfs" ino=22212 scontext=u:r:untrusted_app:s0:c142,c256,c512,c768 tcontext=u:object_r:vendor_default_prop:s0 tclass=file permissive=0
02-21 14:25:42.011  1257  6399 E libc    : Access denied finding property "vendor.debug.egl.swapinterval"
02-21 14:25:42.014  1257  1257 W RenderThread: type=1400 audit(0.0:27438480): avc: denied { read } for name="u:object_r:vendor_default_prop:s0" dev="tmpfs" ino=22212 scontext=u:r:untrusted_app:s0:c142,c256,c512,c768 tcontext=u:object_r:vendor_default_prop:s0 tclass=file permissive=0
02-21 14:25:42.028  1257  6399 E libc    : Access denied finding property "vendor.debug.egl.swapinterval"
02-21 14:25:42.034  1257  1257 W RenderThread: type=1400 audit(0.0:27438481): avc: denied { read } for name="u:object_r:vendor_default_prop:s0" dev="tmpfs" ino=22212 scontext=u:r:untrusted_app:s0:c142,c256,c512,c768 tcontext=u:object_r:vendor_default_prop:s0 tclass=file permissive=0
02-21 14:25:42.044  1257  6399 E libc    : Access denied finding property "vendor.debug.egl.swapinterval"
02-21 14:25:42.076  1257  6399 I chatty  : uid=10142(com.tencent.wework) RenderThread identical 2 lines
02-21 14:25:42.096  1257  6399 E libc    : Access denied finding property "vendor.debug.egl.swapinterval"
02-21 14:25:42.100  1257  1257 I session_reporter.cc: session_reporter.cc:2234|4E9|[Basic Info]
02-21 14:25:42.100  1257  1257 I session_reporter.cc: Sys[CPU:0.00%(App) 0.00%(Sys) Freq:1766 Temp:35 TM:7637MB FM:1268MB Proc:229.62MB]
02-21 14:25:42.100  1257  1257 I session_reporter.cc: Net[Type:wifi Snd:3kbps@3pkt Rec:53kbps@64pkt RTT:41ms Msg:646 Pkt:640]
02-21 14:25:42.100  1257  1257 I session_reporter.cc: Snd[LossRate:0.00% LossRateResend:0.00 Total:0 Real:0 Resend:0]
02-21 14:25:42.100  1257  1257 I session_reporter.cc: Rec[LossRate:0.00% LossRateRerecv:0.00 Total:61 Real:61]
02-21 14:25:42.100  1257  1257 I session_reporter.cc: [QoE Info]
02-21 14:25:42.100  1257  1257 I session_reporter.cc: [Snd]rtt=50-50 loss=0.00
02-21 14:25:42.100  1257  1257 I session_reporter.cc: [Rec]rtt=50-200 loss=0.00
02-21 14:25:42.100  1257  1257 I session_reporter.cc: CC[codec_br[min/max]:0[200/2500](kbps) acked_br:1(kbps) send_br:0(kbps) state:(0)]
02-21 14:25:42.100  1257  1257 I session_reporter.cc: [Ping Info]
02-21 14:25:42.100  1257  1257 I session_reporter.cc: [RTT:192.168.31.1:6 ms]
02-21 14:25:42.100  1257  1257 I session_reporter.cc: [Video Info]
02-21 14:25:42.100  1257  1257 I session_reporter.cc: NetState[Snd:1@2 Recv:1@1][State:0 Rtt:43]
02-21 14:25:42.100  1257  1257 I session_reporter.cc: [QoS Info]
02-21 14:25:42.100  1257  1257 I session_reporter.cc: Audio[Codec:4129 SR:16000 BR:20000 pktMS:20 NM:4+4 MTU:0 INFEC:0 Jitter:300,400-2000 Arq:1 Gap:2 Delay:2000 Cnt:20]
02-21 14:25:42.100  1257  1257 I session_reporter.cc: [Audio Info]
02-21 14:25:42.100  1257  1257 I session_reporter.cc: Prep[vol:0 AEC:1 delay:(0,-2,-100) bias:1 leak:0 AGC:1 bef:0 aft:0 gain:0 clip:0 noise:-110 ANS:1 VAD:1 moba:0 S:0 rate:100 HOW:0 S:0 NOISE:1 S:0 RNN:0 S:0 bt:0 quant:N]
02-21 14:25:42.100  1257  1257 I session_reporter.cc: Post[vol:0 CNG:0 dB:0 HOW:0 S:0 BWE:0 S:0]
02-21 14:25:42.100  1257  1257 I session_reporter.cc: preview:0 scene:0
02-21 14:25:42.100  1257  1257 I session_reporter.cc: CAP:0 Err:0 sys-vol:(0,0) inDev:NA,JAVA,mode:0 name: Energy:0,0,0,0,0 delta:0m
02-21 14:25:42.111  1257  6399 E libc    : Access denied finding property "vendor.debug.egl.swapinterval"
02-21 14:25:42.650 19492 19511 E BatteryExternalStatsWorker: no controller energy info supplied for bluetooth
02-21 14:25:42.685 19492 19505 D BatteryStatsService: @@@@ awaitUninterruptibly in 43 ms
02-21 14:25:42.661  1257  6399 I chatty  : uid=10142(com.tencent.wework) RenderThread identical 33 lines
02-21 14:25:42.678  1257  6399 E libc    : Access denied finding property "vendor.debug.egl.swapinterval"
02-21 14:25:42.685 19492 19505 D BatteryStatsHelper: ===processSingleAppUsage===
02-21 14:25:42.691  1257 13825 E jbm_pcm_adaptive_buffer.cc: jbm_pcm_adaptive_buffer.cc:739|3601|[0xad297000]JBM[0]UID[144115215835873344][1715088831]BufferS:0,60,300,286,271,0,0,0,0[0|0|0|0][5|99|145]
02-21 14:25:42.696  1257  6399 E libc    : Access denied finding property "vendor.debug.egl.swapinterval"
02-21 14:25:42.711  1257  6399 E libc    : Access denied finding property "vendor.debug.egl.swapinterval"
02-21 14:25:42.738 14226 14226 D OnLineStatusHelper: onBatteryChanged onlineStatus == online, extOnlineStatus() == 0
02-21 14:25:42.746  1257  6399 E libc    : Access denied finding property "vendor.debug.egl.swapinterval"
02-21 14:25:42.958  1257  6399 I chatty  : uid=10142(com.tencent.wework) RenderThread identical 13 lines
02-21 14:25:42.976  1257  6399 E libc    : Access denied finding property "vendor.debug.egl.swapinterval"
02-21 14:25:42.984  1257  1257 W RenderThread: type=1400 audit(0.0:27438537): avc: denied { read } for name="u:object_r:vendor_default_prop:s0" dev="tmpfs" ino=22212 scontext=u:r:untrusted_app:s0:c142,c256,c512,c768 tcontext=u:object_r:vendor_default_prop:s0 tclass=file permissive=0
02-21 14:25:42.993  1257  6399 E libc    : Access denied finding property "vendor.debug.egl.swapinterval"
02-21 14:25:43.004  1257  1257 W RenderThread: type=1400 audit(0.0:27438538): avc: denied { read } for name="u:object_r:vendor_default_prop:s0" dev="tmpfs" ino=22212 scontext=u:r:untrusted_app:s0:c142,c256,c512,c768 tcontext=u:object_r:vendor_default_prop:s0 tclass=file permissive=0
02-21 14:25:43.010  1257  6399 E libc    : Access denied finding property "vendor.debug.egl.swapinterval"
02-21 14:25:43.014  1257  1257 W RenderThread: type=1400 audit(0.0:27438539): avc: denied { read } for name="u:object_r:vendor_default_prop:s0" dev="tmpfs" ino=22212 scontext=u:r:untrusted_app:s0:c142,c256,c512,c768 tcontext=u:object_r:vendor_default_prop:s0 tclass=file permissive=0
02-21 14:25:43.026  1257  6399 E libc    : Access denied finding property "vendor.debug.egl.swapinterval"
02-21 14:25:43.034  1257  1257 W RenderThread: type=1400 audit(0.0:27438540): avc: denied { read } for name="u:object_r:vendor_default_prop:s0" dev="tmpfs" ino=22212 scontext=u:r:untrusted_app:s0:c142,c256,c512,c768 tcontext=u:object_r:vendor_default_prop:s0 tclass=file permissive=0
02-21 14:25:43.047  1257  6399 E libc    : Access denied finding property "vendor.debug.egl.swapinterval"
02-21 14:25:43.054  1257  1257 W RenderThread: type=1400 audit(0.0:27438541): avc: denied { read } for name="u:object_r:vendor_default_prop:s0" dev="tmpfs" ino=22212 scontext=u:r:untrusted_app:s0:c142,c256,c512,c768 tcontext=u:object_r:vendor_default_prop:s0 tclass=file permissive=0
02-21 14:25:43.061  1257  6399 E libc    : Access denied finding property "vendor.debug.egl.swapinterval"
