--------- beginning of main
02-21 14:25:25.945  1257  6399 I chatty  : uid=10142(com.tencent.wework) RenderThread expire 10 lines
02-21 14:25:25.959  1257  6399 E libc    : Access denied finding property "vendor.debug.egl.swapinterval"
02-21 14:25:25.972  1257 13814 I av_connector.cc: av_connector.cc:2228|35F6|[dpch-a] (144115215835873344:117445028:1:4013)
02-21 14:25:25.979  1257  6399 E libc    : Access denied finding property "vendor.debug.egl.swapinterval"
02-21 14:25:26.010  1257  6399 I chatty  : uid=10142(com.tencent.wework) RenderThread identical 2 lines
02-21 14:25:26.027  1257  6399 E libc    : Access denied finding property "vendor.debug.egl.swapinterval"
02-21 14:25:26.035  1257  1257 I session_reporter.cc: session_reporter.cc:2234|4E9|[Basic Info]
02-21 14:25:26.035  1257  1257 I session_reporter.cc: Sys[CPU:0.00%(App) 0.00%(Sys) Freq:1766 Temp:34 TM:7637MB FM:1252MB Proc:239.26MB]
02-21 14:25:26.035  1257  1257 I session_reporter.cc: Net[Type:wifi Snd:3kbps@4pkt Rec:46kbps@63pkt RTT:41ms Msg:643 Pkt:637]
02-21 14:25:26.035  1257  1257 I session_reporter.cc: Snd[LossRate:0.00% LossRateResend:0.00 Total:0 Real:0 Resend:0]
02-21 14:25:26.035  1257  1257 I session_reporter.cc: Rec[LossRate:0.00% LossRateRerecv:0.00 Total:63 Real:63]
02-21 14:25:26.035  1257  1257 I session_reporter.cc: [QoE Info]
02-21 14:25:26.035  1257  1257 I session_reporter.cc: [Snd]rtt=50-50 loss=0.00
02-21 14:25:26.035  1257  1257 I session_reporter.cc: [Rec]rtt=50-60 loss=0.00
02-21 14:25:26.035  1257  1257 I session_reporter.cc: CC[codec_br[min/max]:0[200/2500](kbps) acked_br:1(kbps) send_br:0(kbps) state:(0)]
02-21 14:25:26.035  1257  1257 I session_reporter.cc: [Ping Info]
02-21 14:25:26.035  1257  1257 I session_reporter.cc: [RTT:192.168.31.1:2 ms]
02-21 14:25:26.035  1257  1257 I session_reporter.cc: [Video Info]
02-21 14:25:26.035  1257  1257 I session_reporter.cc: NetState[Snd:1@1 Recv:1@1][State:0 Rtt:46]
02-21 14:25:26.035  1257  1257 I session_reporter.cc: [QoS Info]
02-21 14:25:26.035  1257  1257 I session_reporter.cc: Audio[Codec:4129 SR:16000 BR:20000 pktMS:20 NM:4+3 MTU:0 INFEC:0 Jitter:300,400-2000 Arq:1 Gap:2 Delay:2000 Cnt:20]
02-21 14:25:26.035  1257  1257 I session_reporter.cc: [Audio Info]
02-21 14:25:26.035  1257  1257 I session_reporter.cc: Prep[vol:0 AEC:1 delay:(0,-2,-100) bias:1 leak:0 AGC:1 bef:0 aft:0 gain:0 clip:0 noise:-110 ANS:1 VAD:1 moba:0 S:0 rate:100 HOW:0 S:0 NOISE:1 S:0 RNN:0 S:0 bt:0 quant:N]
02-21 14:25:26.035  1257  1257 I session_reporter.cc: Post[vol:0 CNG:0 dB:0 HOW:0 S:0 BWE:0 S:0]
02-21 14:25:26.035  1257  1257 I session_reporter.cc: preview:0 scene:0
02-21 14:25:26.035  1257  1257 I session_reporter.cc: CAP:0 Err:0 sys-vol:(0,0) inDev:NA,JAVA,mode:0 name: Energy:0,0,0,0,0 delta:0ms
02-21 14:25:26.045  1257  6399 E libc    : Access denied finding property "vendor.debug.egl.swapinterval"
02-21 14:25:26.411  1257  6399 I chatty  : uid=10142(com.tencent.wework) RenderThread identical 22 lines
02-21 14:25:26.426  1257  6399 E libc    : Access denied finding property "vendor.debug.egl.swapinterval"
02-21 14:25:26.446 19682 19682 W View    : requestLayout() improperly called by com.android.systemui.statusbar.NetworkSpeedView{c1cc0bc V.ED..... ......ID 0,0-147,51} during layout: running second layout pass
02-21 14:25:26.446 19682 19682 W View    : requestLayout() improperly called by com.android.systemui.statusbar.NetworkSpeedView{6903b9a V.ED..... ......ID 0,0-147,51} during layout: running second layout pass
02-21 14:25:26.449  1257  6399 E libc    : Access denied finding property "vendor.debug.egl.swapinterval"
02-21 14:25:26.544  1257  6399 I chatty  : uid=10142(com.tencent.wework) RenderThread identical 6 lines
02-21 14:25:26.562  1257  6399 E libc    : Access denied finding property "vendor.debug.egl.swapinterval"
02-21 14:25:26.567  1257 13825 E jbm_pcm_adaptive_buffer.cc: jbm_pcm_adaptive_buffer.cc:739|3601|[0xad297000]JBM[0]UID[144115215835873344][1715072707]BufferS:0,60,300,292,311,0,0,0,0[0|0|0|0][5|103|119]
02-21 14:25:26.577  1257  6399 E libc    : Access denied finding property "vendor.debug.egl.swapinterval"
02-21 14:25:26.693  1257  6399 I chatty  : uid=10142(com.tencent.wework) RenderThread identical 7 lines
02-21 14:25:26.709  1257  6399 E libc    : Access denied finding property "vendor.debug.egl.swapinterval"
02-21 14:25:26.724  1257  1257 W RenderThread: type=1400 audit(0.0:27437496): avc: denied { read } for name="u:object_r:vendor_default_prop:s0" dev="tmpfs" ino=22212 scontext=u:r:untrusted_app:s0:c142,c256,c512,c768 tcontext=u:object_r:vendor_default_prop:s0 tclass=file permissive=0
02-21 14:25:26.732  1257  6399 E libc    : Access denied finding property "vendor.debug.egl.swapinterval"
02-21 14:25:26.734  1257  1257 W RenderThread: type=1400 audit(0.0:27437497): avc: denied { read } for name="u:object_r:vendor_default_prop:s0" dev="tmpfs" ino=22212 scontext=u:r:untrusted_app:s0:c142,c256,c512,c768 tcontext=u:object_r:vendor_default_prop:s0 tclass=file permissive=0
02-21 14:25:26.744  1257  6399 E libc    : Access denied finding property "vendor.debug.egl.swapinterval"
02-21 14:25:26.762  1257  6399 E libc    : Access denied finding property "vendor.debug.egl.swapinterval"
02-21 14:25:26.754  1257  1257 W RenderThread: type=1400 audit(0.0:27437498): avc: denied { read } for name="u:object_r:vendor_default_prop:s0" dev="tmpfs" ino=22212 scontext=u:r:untrusted_app:s0:c142,c256,c512,c768 tcontext=u:object_r:vendor_default_prop:s0 tclass=file permissive=0
02-21 14:25:26.778  1257  6399 E libc    : Access denied finding property "vendor.debug.egl.swapinterval"
02-21 14:25:26.764  1257  1257 W RenderThread: type=1400 audit(0.0:27437499): avc: denied { read } for name="u:object_r:vendor_default_prop:s0" dev="tmpfs" ino=22212 scontext=u:r:untrusted_app:s0:c142,c256,c512,c768 tcontext=u:object_r:vendor_default_prop:s0 tclass=file permissive=0
02-21 14:25:26.784  1257  1257 W RenderThread: type=1400 audit(0.0:27437500): avc: denied { read } for name="u:object_r:vendor_default_prop:s0" dev="tmpfs" ino=22212 scontext=u:r:untrusted_app:s0:c142,c256,c512,c768 tcontext=u:object_r:vendor_default_prop:s0 tclass=file permissive=0
02-21 14:25:26.795  1257  6399 E libc    : Access denied finding property "vendor.debug.egl.swapinterval"
02-21 14:25:26.943  1257  6399 I chatty  : uid=10142(com.tencent.wework) RenderThread identical 9 lines
02-21 14:25:26.960  1257  6399 E libc    : Access denied finding property "vendor.debug.egl.swapinterval"
02-21 14:25:26.973 15908 15927 D NtpTrustedTime: forceRefreshInternal() - No network connected
02-21 14:25:26.977  1257  6399 E libc    : Access denied finding property "vendor.debug.egl.swapinterval"
02-21 14:25:27.343  1257  6399 I chatty  : uid=10142(com.tencent.wework) RenderThread identical 22 lines
02-21 14:25:27.359  1257  6399 E libc    : Access denied finding property "vendor.debug.egl.swapinterval"
02-21 14:25:27.360 14208 14322 D MSF.C.NetConnTag: netRecv ssoSeq:-420912464 uin:*4000 cmd:BS08PTQ9FS85K34EOAgwKSIEIjsvKAgpLQ -420912089 cross:0
02-21 14:25:27.362 14208 14304 I MSF.S.AppProcessManager: SendToApp PUSH process:com.tencent.mobileqq fromServiceMsg: FromServiceMsg msName:onRecvPushMsg ssoSeq:-420912464 serviceCmd:OnlinePush.PbPushGroupMsg appSeq:-420912464 failCode:1000 cost=1 needBoot=true
02-21 14:25:27.363 14226 14358 I troop_ext: onTroopReceiveOrSendMsg troopInfo is null or not eliminated. troopUin: 223116373
02-21 14:25:27.365 14226 14358 D Q.msg.TroopMsgProxy: insertToList MessageRecord=friendUin:6373senderuin:9627,istroop:1,msgType:-1000,time:1582266325,shmsgseq:4665443
02-21 14:25:27.365 14226 14358 D Q.unread.Proxy_UnreadMonitor: insertOrUpdateUnread update=--ConversationInfo--,shortUin:*6373,type:1,lastread:4660705,unreadCount:4738,unreadGiftCount:0,unreadRedPacketCount:0,unreadMark:0
02-21 14:25:27.378  1257  6399 E libc    : Access denied finding property "vendor.debug.egl.swapinterval"
02-21 14:25:27.709  1257  6399 I chatty  : uid=10142(com.tencent.wework) RenderThread identical 20 lines
02-21 14:25:27.726  1257  6399 E libc    : Access denied finding property "vendor.debug.egl.swapinterval"
02-21 14:25:27.734  1257  1257 W RenderThread: type=1400 audit(0.0:27437557): avc: denied { read } for name="u:object_r:vendor_default_prop:s0" dev="tmpfs" ino=22212 scontext=u:r:untrusted_app:s0:c142,c256,c512,c768 tcontext=u:object_r:vendor_default_prop:s0 tclass=file permissive=0
02-21 14:25:27.743  1257  6399 E libc    : Access denied finding property "vendor.debug.egl.swapinterval"
02-21 14:25:27.754  1257  1257 W RenderThread: type=1400 audit(0.0:27437558): avc: denied { read } for name="u:object_r:vendor_default_prop:s0" dev="tmpfs" ino=22212 scontext=u:r:untrusted_app:s0:c142,c256,c512,c768 tcontext=u:object_r:vendor_default_prop:s0 tclass=file permissive=0
02-21 14:25:27.761  1257  6399 E libc    : Access denied finding property "vendor.debug.egl.swapinterval"
02-21 14:25:27.764  1257  1257 W RenderThread: type=1400 audit(0.0:27437559): avc: denied { read } for name="u:object_r:vendor_default_prop:s0" dev="tmpfs" ino=22212 scontext=u:r:untrusted_app:s0:c142,c256,c512,c768 tcontext=u:object_r:vendor_default_prop:s0 tclass=file permissive=0
02-21 14:25:27.778  1257  6399 E libc    : Access denied finding property "vendor.debug.egl.swapinterval"
02-21 14:25:27.784  1257  1257 W RenderThread: type=1400 audit(0.0:27437560): avc: denied { read } for name="u:object_r:vendor_default_prop:s0" dev="tmpfs" ino=22212 scontext=u:r:untrusted_app:s0:c142,c256,c512,c768 tcontext=u:object_r:vendor_default_prop:s0 tclass=file permissive=0
02-21 14:25:27.795  1257  6399 E libc    : Access denied finding property "vendor.debug.egl.swapinterval"
02-21 14:25:27.804  1257  1257 W RenderThread: type=1400 audit(0.0:27437561): avc: denied { read } for name="u:object_r:vendor_default_prop:s0" dev="tmpfs" ino=22212 scontext=u:r:untrusted_app:s0:c142,c256,c512,c768 tcontext=u:object_r:vendor_default_prop:s0 tclass=file permissive=0
02-21 14:25:27.812  1257  6399 E libc    : Access denied finding property "vendor.debug.egl.swapinterval"
02-21 14:25:28.010  1257  6399 I chatty  : uid=10142(com.tencent.wework) RenderThread identical 12 lines
02-21 14:25:28.028  1257  6399 E libc    : Access denied finding property "vendor.debug.egl.swapinterval"
02-21 14:25:28.042  1257  1257 I session_reporter.cc: session_reporter.cc:2234|4E9|[Basic Info]
02-21 14:25:28.042  1257  1257 I session_reporter.cc: Sys[CPU:0.00%(App) 0.00%(Sys) Freq:1766 Temp:34 TM:7637MB FM:1252MB Proc:239.22MB]
02-21 14:25:28.042  1257  1257 I session_reporter.cc: Net[Type:wifi Snd:4kbps@5pkt Rec:53kbps@64pkt RTT:45ms Msg:641 Pkt:635]
02-21 14:25:28.042  1257  1257 I session_reporter.cc: Snd[LossRate:0.00% LossRateResend:0.00 Total:0 Real:0 Resend:0]
02-21 14:25:28.042  1257  1257 I session_reporter.cc: Rec[LossRate:0.00% LossRateRerecv:0.00 Total:63 Real:63]
02-21 14:25:28.042  1257  1257 I session_reporter.cc: [QoE Info]
02-21 14:25:28.042  1257  1257 I session_reporter.cc: [Snd]rtt=50-50 loss=0.00
02-21 14:25:28.042  1257  1257 I session_reporter.cc: [Rec]rtt=50-60 loss=0.00
02-21 14:25:28.042  1257  1257 I session_reporter.cc: CC[codec_br[min/max]:0[200/2500](kbps) acked_br:1(kbps) send_br:0(kbps) state:(0)]
02-21 14:25:28.042  1257  1257 I session_reporter.cc: [Ping Info]
02-21 14:25:28.042  1257  1257 I session_reporter.cc: [RTT:192.168.31.1:3 ms]
02-21 14:25:28.042  1257  1257 I session_reporter.cc: [Video Info]
02-21 14:25:28.042  1257  1257 I session_reporter.cc: NetState[Snd:1@1 Recv:1@1][State:0 Rtt:44]
02-21 14:25:28.042  1257  1257 I session_reporter.cc: [QoS Info]
02-21 14:25:28.042  1257  1257 I session_reporter.cc: Audio[Codec:4129 SR:16000 BR:20000 pktMS:20 NM:4+3 MTU:0 INFEC:0 Jitter:300,400-2000 Arq:1 Gap:2 Delay:2000 Cnt:20]
02-21 14:25:28.042  1257  1257 I session_reporter.cc: [Audio Info]
02-21 14:25:28.042  1257  1257 I session_reporter.cc: Prep[vol:0 AEC:1 delay:(0,-2,-100) bias:1 leak:0 AGC:1 bef:0 aft:0 gain:0 clip:0 noise:-110 ANS:1 VAD:1 moba:0 S:0 rate:100 HOW:0 S:0 NOISE:1 S:0 RNN:0 S:0 bt:0 quant:N]
02-21 14:25:28.042  1257  1257 I session_reporter.cc: Post[vol:0 CNG:0 dB:0 HOW:0 S:0 BWE:0 S:0]
02-21 14:25:28.042  1257  1257 I session_reporter.cc: preview:0 scene:0
02-21 14:25:28.042  1257  1257 I session_reporter.cc: CAP:0 Err:0 sys-vol:(0,0) inDev:NA,JAVA,mode:0 name: Energy:0,0,0,0,0 delta:0ms
02-21 14:25:28.052  1257  6399 E libc    : Access denied finding property "vendor.debug.egl.swapinterval"
02-21 14:25:28.063  1257 13822 I AudioManager: In isSpeakerphoneOn(), calling application: com.tencent.wework
02-21 14:25:28.063 19492 20285 I AudioService: In isSpeakerphoneOn(), mForcedUseForCommExt: 1
02-21 14:25:28.068  1257  6399 E libc    : Access denied finding property "vendor.debug.egl.swapinterval"
02-21 14:25:28.078  1257  6399 E libc    : Access denied finding property "vendor.debug.egl.swapinterval"
02-21 14:25:28.084  1257 13815 I rs_statistic.cc: rs_statistic.cc:411|35F7|[144115215835873344]audio fec ok:10000 userate:0 loss:0 audio jitter:39 recv:200 real:200 in 4S
02-21 14:25:28.084  1257 13816 E audio_jitter.cc: audio_jitter.cc:1015|35F8|netsrc[0xbcf252c0,144115215835873344]recv:3201 last4S:200
02-21 14:25:28.095  1257  6399 E libc    : Access denied finding property "vendor.debug.egl.swapinterval"
02-21 14:25:28.229  1257  6399 I chatty  : uid=10142(com.tencent.wework) RenderThread identical 8 lines
02-21 14:25:28.243  1257  6399 E libc    : Access denied finding property "vendor.debug.egl.swapinterval"
02-21 14:25:28.245  1257 13815 I arq_notify.cc: arq_notify.cc:928|35F7|[144115215835873344]Arq Stat Common:LossB:0 LossA:0 BitrateBefore:0 BitrateAfter:0 CntMax:0 CntAvg:0 CostM:44 CostA:40 RttM:44 RttA:40 ReqCnt:0 RevCnt:0 ReqRatio:1.00 Interval:3202
02-21 14:25:28.245  1257 13815 I arq_notify.cc: arq_notify.cc:934|35F7|[144115215835873344]Arq:1 Rtt:40 Count:0 Seq:4156 TriggerA:0 TriggerB:0 Cb:0xc388a93d Eos cnt:5 Eos seq:233
02-21 14:25:28.262  1257  6399 E libc    : Access denied finding property "vendor.debug.egl.swapinterval"
02-21 14:25:28.560  1257  6399 I chatty  : uid=10142(com.tencent.wework) RenderThread identical 18 lines
02-21 14:25:28.577  1257  6399 E libc    : Access denied finding property "vendor.debug.egl.swapinterval"
02-21 14:25:28.587  1257 13825 E jbm_pcm_adaptive_buffer.cc: jbm_pcm_adaptive_buffer.cc:739|3601|[0xad297000]JBM[0]UID[144115215835873344][1715074727]BufferS:0,60,300,288,311,0,0,0,0[0|0|0|0][5|101|119]
02-21 14:25:28.595  1257  6399 E libc    : Access denied finding property "vendor.debug.egl.swapinterval"
02-21 14:25:28.726  1257  6399 I chatty  : uid=10142(com.tencent.wework) RenderThread identical 8 lines
02-21 14:25:28.743  1257  6399 E libc    : Access denied finding property "vendor.debug.egl.swapinterval"
02-21 14:25:28.754  1257  1257 W RenderThread: type=1400 audit(0.0:27437618): avc: denied { read } for name="u:object_r:vendor_default_prop:s0" dev="tmpfs" ino=22212 scontext=u:r:untrusted_app:s0:c142,c256,c512,c768 tcontext=u:object_r:vendor_default_prop:s0 tclass=file permissive=0
02-21 14:25:28.760  1257  6399 E libc    : Access denied finding property "vendor.debug.egl.swapinterval"
02-21 14:25:28.764  1257  1257 W RenderThread: type=1400 audit(0.0:27437619): avc: denied { read } for name="u:object_r:vendor_default_prop:s0" dev="tmpfs" ino=22212 scontext=u:r:untrusted_app:s0:c142,c256,c512,c768 tcontext=u:object_r:vendor_default_prop:s0 tclass=file permissive=0
02-21 14:25:28.778  1257  6399 E libc    : Access denied finding property "vendor.debug.egl.swapinterval"
02-21 14:25:28.784  1257  1257 W RenderThread: type=1400 audit(0.0:27437620): avc: denied { read } for name="u:object_r:vendor_default_prop:s0" dev="tmpfs" ino=22212 scontext=u:r:untrusted_app:s0:c142,c256,c512,c768 tcontext=u:object_r:vendor_default_prop:s0 tclass=file permissive=0
02-21 14:25:28.794  1257  6399 E libc    : Access denied finding property "vendor.debug.egl.swapinterval"
02-21 14:25:28.804  1257  1257 W RenderThread: type=1400 audit(0.0:27437621): avc: denied { read } for name="u:object_r:vendor_default_prop:s0" dev="tmpfs" ino=22212 scontext=u:r:untrusted_app:s0:c142,c256,c512,c768 tcontext=u:object_r:vendor_default_prop:s0 tclass=file permissive=0
02-21 14:25:28.812  1257  6399 E libc    : Access denied finding property "vendor.debug.egl.swapinterval"
02-21 14:25:28.828  1257  6399 E libc    : Access denied finding property "vendor.debug.egl.swapinterval"
02-21 14:25:28.814  1257  1257 W RenderThread: type=1400 audit(0.0:27437622): avc: denied { read } for name="u:object_r:vendor_default_prop:s0" dev="tmpfs" ino=22212 scontext=u:r:untrusted_app:s0:c142,c256,c512,c768 tcontext=u:object_r:vendor_default_prop:s0 tclass=file permissive=0
02-21 14:25:28.850  1257  6399 E libc    : Access denied finding property "vendor.debug.egl.swapinterval"
02-21 14:25:29.278  1257  6399 I chatty  : uid=10142(com.tencent.wework) RenderThread identical 26 lines
02-21 14:25:29.295  1257  6399 E libc    : Access denied finding property "vendor.debug.egl.swapinterval"
02-21 14:25:29.297 14226 14226 D OnLineStatusHelper: onBatteryChanged onlineStatus == online, extOnlineStatus() == 0
02-21 14:25:29.313  1257  6399 E libc    : Access denied finding property "vendor.debug.egl.swapinterval"
02-21 14:25:29.444  1257  6399 I chatty  : uid=10142(com.tencent.wework) RenderThread identical 8 lines
02-21 14:25:29.461  1257  6399 E libc    : Access denied finding property "vendor.debug.egl.swapinterval"
02-21 14:25:29.461 19682 19682 W View    : requestLayout() improperly called by com.android.systemui.statusbar.NetworkSpeedView{c1cc0bc V.ED..... ......ID 0,0-147,51} during layout: running second layout pass
02-21 14:25:29.461 19682 19682 W View    : requestLayout() improperly called by com.android.systemui.statusbar.NetworkSpeedView{6903b9a V.ED..... ......ID 0,0-147,51} during layout: running second layout pass
02-21 14:25:29.481  1257  6399 E libc    : Access denied finding property "vendor.debug.egl.swapinterval"
02-21 14:25:29.743  1257  6399 I chatty  : uid=10142(com.tencent.wework) RenderThread identical 16 lines
02-21 14:25:29.760  1257  6399 E libc    : Access denied finding property "vendor.debug.egl.swapinterval"
02-21 14:25:29.774  1257  1257 W RenderThread: type=1400 audit(0.0:27437679): avc: denied { read } for name="u:object_r:vendor_default_prop:s0" dev="tmpfs" ino=22212 scontext=u:r:untrusted_app:s0:c142,c256,c512,c768 tcontext=u:object_r:vendor_default_prop:s0 tclass=file permissive=0
02-21 14:25:29.780  1257  6399 E libc    : Access denied finding property "vendor.debug.egl.swapinterval"
02-21 14:25:29.784  1257  1257 W RenderThread: type=1400 audit(0.0:27437680): avc: denied { read } for name="u:object_r:vendor_default_prop:s0" dev="tmpfs" ino=22212 scontext=u:r:untrusted_app:s0:c142,c256,c512,c768 tcontext=u:object_r:vendor_default_prop:s0 tclass=file permissive=0
02-21 14:25:29.795  1257  6399 E libc    : Access denied finding property "vendor.debug.egl.swapinterval"
02-21 14:25:29.804  1257  1257 W RenderThread: type=1400 audit(0.0:27437681): avc: denied { read } for name="u:object_r:vendor_default_prop:s0" dev="tmpfs" ino=22212 scontext=u:r:untrusted_app:s0:c142,c256,c512,c768 tcontext=u:object_r:vendor_default_prop:s0 tclass=file permissive=0
02-21 14:25:29.813  1257  6399 E libc    : Access denied finding property "vendor.debug.egl.swapinterval"
02-21 14:25:29.814  1257  1257 W RenderThread: type=1400 audit(0.0:27437682): avc: denied { read } for name="u:object_r:vendor_default_prop:s0" dev="tmpfs" ino=22212 scontext=u:r:untrusted_app:s0:c142,c256,c512,c768 tcontext=u:object_r:vendor_default_prop:s0 tclass=file permissive=0
02-21 14:25:29.828  1257  6399 E libc    : Access denied finding property "vendor.debug.egl.swapinterval"
02-21 14:25:29.853  1257  6399 E libc    : Access denied finding property "vendor.debug.egl.swapinterval"
02-21 14:25:29.844  1257  1257 W RenderThread: type=1400 audit(0.0:27437683): avc: denied { read } for name="u:object_r:vendor_default_prop:s0" dev="tmpfs" ino=22212 scontext=u:r:untrusted_app:s0:c142,c256,c512,c768 tcontext=u:object_r:vendor_default_prop:s0 tclass=file permissive=0
02-21 14:25:29.862  1257  6399 E libc    : Access denied finding property "vendor.debug.egl.swapinterval"
02-21 14:25:29.955  1257  6399 I chatty  : uid=10142(com.tencent.wework) RenderThread identical 5 lines
02-21 14:25:29.961  1257  6399 E libc    : Access denied finding property "vendor.debug.egl.swapinterval"
02-21 14:25:29.974 15908 15927 D NtpTrustedTime: forceRefreshInternal() - No network connected
02-21 14:25:29.977  1257  6399 E libc    : Access denied finding property "vendor.debug.egl.swapinterval"
02-21 14:25:30.010  1257  6399 I chatty  : uid=10142(com.tencent.wework) RenderThread identical 2 lines
02-21 14:25:30.027  1257  6399 E libc    : Access denied finding property "vendor.debug.egl.swapinterval"
02-21 14:25:30.049  1257  1257 I session_reporter.cc: session_reporter.cc:2234|4E9|[Basic Info]
02-21 14:25:30.049  1257  1257 I session_reporter.cc: Sys[CPU:0.00%(App) 0.00%(Sys) Freq:1766 Temp:34 TM:7637MB FM:1250MB Proc:239.84MB]
02-21 14:25:30.049  1257  1257 I session_reporter.cc: Net[Type:wifi Snd:3kbps@4pkt Rec:53kbps@62pkt RTT:42ms Msg:645 Pkt:639]
02-21 14:25:30.049  1257  1257 I session_reporter.cc: Snd[LossRate:0.00% LossRateResend:0.00 Total:0 Real:0 Resend:0]
02-21 14:25:30.049  1257  1257 I session_reporter.cc: Rec[LossRate:0.00% LossRateRerecv:0.00 Total:63 Real:63]
02-21 14:25:30.049  1257  1257 I session_reporter.cc: [QoE Info]
02-21 14:25:30.049  1257  1257 I session_reporter.cc: [Snd]rtt=50-50 loss=0.00
02-21 14:25:30.049  1257  1257 I session_reporter.cc: [Rec]rtt=50-60 loss=0.00
02-21 14:25:30.049  1257  1257 I session_reporter.cc: CC[codec_br[min/max]:0[200/2500](kbps) acked_br:1(kbps) send_br:0(kbps) state:(0)]
02-21 14:25:30.049  1257  1257 I session_reporter.cc: [Ping Info]
02-21 14:25:30.049  1257  1257 I session_reporter.cc: [RTT:192.168.31.1:2 ms]
02-21 14:25:30.049  1257  1257 I session_reporter.cc: [Video Info]
02-21 14:25:30.049  1257  1257 I session_reporter.cc: NetState[Snd:1@1 Recv:1@1][State:0 Rtt:50]
02-21 14:25:30.049  1257  1257 I session_reporter.cc: [QoS Info]
02-21 14:25:30.049  1257  1257 I session_reporter.cc: Audio[Codec:4129 SR:16000 BR:20000 pktMS:20 NM:4+3 MTU:0 INFEC:0 Jitter:300,400-2000 Arq:1 Gap:2 Delay:2000 Cnt:20]
02-21 14:25:30.049  1257  1257 I session_reporter.cc: [Audio Info]
02-21 14:25:30.049  1257  1257 I session_reporter.cc: Prep[vol:0 AEC:1 delay:(0,-2,-100) bias:1 leak:0 AGC:1 bef:0 aft:0 gain:0 clip:0 noise:-110 ANS:1 VAD:1 moba:0 S:0 rate:100 HOW:0 S:0 NOISE:1 S:0 RNN:0 S:0 bt:0 quant:N]
02-21 14:25:30.049  1257  1257 I session_reporter.cc: Post[vol:0 CNG:0 dB:0 HOW:0 S:0 BWE:0 S:0]
02-21 14:25:30.049  1257  1257 I session_reporter.cc: preview:0 scene:0
02-21 14:25:30.049  1257  1257 I session_reporter.cc: CAP:0 Err:0 sys-vol:(0,0) inDev:NA,JAVA,mode:0 name: Energy:0,0,0,0,0 delta:0ms
02-21 14:25:30.054  1257  6399 E libc    : Access denied finding property "vendor.debug.egl.swapinterval"
02-21 14:25:30.577  1257  6399 I chatty  : uid=10142(com.tencent.wework) RenderThread identical 32 lines
02-21 14:25:30.593  1257  6399 E libc    : Access denied finding property "vendor.debug.egl.swapinterval"
02-21 14:25:30.607  1257 13825 E jbm_pcm_adaptive_buffer.cc: jbm_pcm_adaptive_buffer.cc:739|3601|[0xad297000]JBM[0]UID[144115215835873344][1715076747]BufferS:0,60,300,284,271,0,0,0,0[0|0|0|0][5|99|119]
02-21 14:25:30.608  1257 13825 W audio_device.c: audio_device.c:104|3601|[AUDIO_DEVICE]outdevmeter: 20542,19614,22867,16498,20033
02-21 14:25:30.610  1257  6399 E libc    : Access denied finding property "vendor.debug.egl.swapinterval"
02-21 14:25:30.761  1257  6399 I chatty  : uid=10142(com.tencent.wework) RenderThread identical 9 lines
02-21 14:25:30.777  1257  6399 E libc    : Access denied finding property "vendor.debug.egl.swapinterval"
02-21 14:25:30.784  1257  1257 W RenderThread: type=1400 audit(0.0:27437740): avc: denied { read } for name="u:object_r:vendor_default_prop:s0" dev="tmpfs" ino=22212 scontext=u:r:untrusted_app:s0:c142,c256,c512,c768 tcontext=u:object_r:vendor_default_prop:s0 tclass=file permissive=0
02-21 14:25:30.793  1257  6399 E libc    : Access denied finding property "vendor.debug.egl.swapinterval"
02-21 14:25:30.804  1257  1257 W RenderThread: type=1400 audit(0.0:27437741): avc: denied { read } for name="u:object_r:vendor_default_prop:s0" dev="tmpfs" ino=22212 scontext=u:r:untrusted_app:s0:c142,c256,c512,c768 tcontext=u:object_r:vendor_default_prop:s0 tclass=file permissive=0
02-21 14:25:30.812  1257  6399 E libc    : Access denied finding property "vendor.debug.egl.swapinterval"
02-21 14:25:30.814  1257  1257 W RenderThread: type=1400 audit(0.0:27437742): avc: denied { read } for name="u:object_r:vendor_default_prop:s0" dev="tmpfs" ino=22212 scontext=u:r:untrusted_app:s0:c142,c256,c512,c768 tcontext=u:object_r:vendor_default_prop:s0 tclass=file permissive=0
02-21 14:25:30.828  1257  6399 E libc    : Access denied finding property "vendor.debug.egl.swapinterval"
02-21 14:25:30.845  1257  6399 E libc    : Access denied finding property "vendor.debug.egl.swapinterval"
02-21 14:25:30.834  1257  1257 W RenderThread: type=1400 audit(0.0:27437743): avc: denied { read } for name="u:object_r:vendor_default_prop:s0" dev="tmpfs" ino=22212 scontext=u:r:untrusted_app:s0:c142,c256,c512,c768 tcontext=u:object_r:vendor_default_prop:s0 tclass=file permissive=0
02-21 14:25:30.854  1257  1257 W RenderThread: type=1400 audit(0.0:27437744): avc: denied { read } for name="u:object_r:vendor_default_prop:s0" dev="tmpfs" ino=22212 scontext=u:r:untrusted_app:s0:c142,c256,c512,c768 tcontext=u:object_r:vendor_default_prop:s0 tclass=file permissive=0
02-21 14:25:30.864  1257  6399 E libc    : Access denied finding property "vendor.debug.egl.swapinterval"
02-21 14:25:31.411  1257  6399 I chatty  : uid=10142(com.tencent.wework) RenderThread identical 33 lines
02-21 14:25:31.429  1257  6399 E libc    : Access denied finding property "vendor.debug.egl.swapinterval"
02-21 14:25:31.443  1257 13815 I arq_notify.cc: arq_notify.cc:928|35F7|[144115215835873344]Arq Stat Common:LossB:33 LossA:0 BitrateBefore:0 BitrateAfter:0 CntMax:0 CntAvg:0 CostM:40 CostA:39 RttM:40 RttA:39 ReqCnt:0 RevCnt:0 ReqRatio:1.00 Interval:3198
02-21 14:25:31.443  1257 13815 I arq_notify.cc: arq_notify.cc:934|35F7|[144115215835873344]Arq:1 Rtt:41 Count:0 Seq:4355 TriggerA:0 TriggerB:0 Cb:0xc388a93d Eos cnt:5 Eos seq:233
02-21 14:25:31.447  1257  6399 E libc    : Access denied finding property "vendor.debug.egl.swapinterval"
02-21 14:25:31.777  1257  6399 I chatty  : uid=10142(com.tencent.wework) RenderThread identical 20 lines
02-21 14:25:31.794  1257  6399 E libc    : Access denied finding property "vendor.debug.egl.swapinterval"
02-21 14:25:31.804  1257  1257 W RenderThread: type=1400 audit(0.0:27437801): avc: denied { read } for name="u:object_r:vendor_default_prop:s0" dev="tmpfs" ino=22212 scontext=u:r:untrusted_app:s0:c142,c256,c512,c768 tcontext=u:object_r:vendor_default_prop:s0 tclass=file permissive=0
02-21 14:25:31.810  1257  6399 E libc    : Access denied finding property "vendor.debug.egl.swapinterval"
02-21 14:25:31.814  1257  1257 W RenderThread: type=1400 audit(0.0:27437802): avc: denied { read } for name="u:object_r:vendor_default_prop:s0" dev="tmpfs" ino=22212 scontext=u:r:untrusted_app:s0:c142,c256,c512,c768 tcontext=u:object_r:vendor_default_prop:s0 tclass=file permissive=0
02-21 14:25:31.828  1257  6399 E libc    : Access denied finding property "vendor.debug.egl.swapinterval"
02-21 14:25:31.845  1257  6399 E libc    : Access denied finding property "vendor.debug.egl.swapinterval"
02-21 14:25:31.834  1257  1257 W RenderThread: type=1400 audit(0.0:27437803): avc: denied { read } for name="u:object_r:vendor_default_prop:s0" dev="tmpfs" ino=22212 scontext=u:r:untrusted_app:s0:c142,c256,c512,c768 tcontext=u:object_r:vendor_default_prop:s0 tclass=file permissive=0
02-21 14:25:31.862  1257  6399 E libc    : Access denied finding property "vendor.debug.egl.swapinterval"
02-21 14:25:31.854  1257  1257 W RenderThread: type=1400 audit(0.0:27437804): avc: denied { read } for name="u:object_r:vendor_default_prop:s0" dev="tmpfs" ino=22212 scontext=u:r:untrusted_app:s0:c142,c256,c512,c768 tcontext=u:object_r:vendor_default_prop:s0 tclass=file permissive=0
02-21 14:25:31.864  1257  1257 W RenderThread: type=1400 audit(0.0:27437805): avc: denied { read } for name="u:object_r:vendor_default_prop:s0" dev="tmpfs" ino=22212 scontext=u:r:untrusted_app:s0:c142,c256,c512,c768 tcontext=u:object_r:vendor_default_prop:s0 tclass=file permissive=0
02-21 14:25:31.877  1257  6399 E libc    : Access denied finding property "vendor.debug.egl.swapinterval"
02-21 14:25:32.027  1257  6399 I chatty  : uid=10142(com.tencent.wework) RenderThread identical 9 lines
02-21 14:25:32.045  1257  6399 E libc    : Access denied finding property "vendor.debug.egl.swapinterval"
02-21 14:25:32.054  1257  1257 I session_reporter.cc: session_reporter.cc:2234|4E9|[Basic Info]
02-21 14:25:32.054  1257  1257 I session_reporter.cc: Sys[CPU:0.00%(App) 0.00%(Sys) Freq:1766 Temp:33 TM:7637MB FM:1250MB Proc:239.88MB]
02-21 14:25:32.054  1257  1257 I session_reporter.cc: Net[Type:wifi Snd:4kbps@5pkt Rec:54kbps@65pkt RTT:42ms Msg:644 Pkt:638]
02-21 14:25:32.054  1257  1257 I session_reporter.cc: Snd[LossRate:0.00% LossRateResend:0.00 Total:0 Real:0 Resend:0]
02-21 14:25:32.054  1257  1257 I session_reporter.cc: Rec[LossRate:0.00% LossRateRerecv:0.00 Total:62 Real:62]
02-21 14:25:32.054  1257  1257 I session_reporter.cc: [QoE Info]
02-21 14:25:32.054  1257  1257 I session_reporter.cc: [Snd]rtt=50-50 loss=0.00
02-21 14:25:32.054  1257  1257 I session_reporter.cc: [Rec]rtt=50-60 loss=0.00
02-21 14:25:32.054  1257  1257 I session_reporter.cc: CC[codec_br[min/max]:0[200/2500](kbps) acked_br:1(kbps) send_br:0(kbps) state:(0)]
02-21 14:25:32.054  1257  1257 I session_reporter.cc: [Ping Info]
02-21 14:25:32.054  1257  1257 I session_reporter.cc: [RTT:192.168.31.1:2 ms]
02-21 14:25:32.054  1257  1257 I session_reporter.cc: [Video Info]
02-21 14:25:32.054  1257  1257 I session_reporter.cc: NetState[Snd:1@1 Recv:1@1][State:0 Rtt:45]
02-21 14:25:32.054  1257  1257 I session_reporter.cc: [QoS Info]
02-21 14:25:32.054  1257  1257 I session_reporter.cc: Audio[Codec:4129 SR:16000 BR:20000 pktMS:20 NM:4+3 MTU:0 INFEC:0 Jitter:300,400-2000 Arq:1 Gap:2 Delay:2000 Cnt:20]
02-21 14:25:32.054  1257  1257 I session_reporter.cc: [Audio Info]
02-21 14:25:32.054  1257  1257 I session_reporter.cc: Prep[vol:0 AEC:1 delay:(0,-2,-100) bias:1 leak:0 AGC:1 bef:0 aft:0 gain:0 clip:0 noise:-110 ANS:1 VAD:1 moba:0 S:0 rate:100 HOW:0 S:0 NOISE:1 S:0 RNN:0 S:0 bt:0 quant:N]
02-21 14:25:32.054  1257  1257 I session_reporter.cc: Post[vol:0 CNG:0 dB:0 HOW:0 S:0 BWE:0 S:0]
02-21 14:25:32.054  1257  1257 I session_reporter.cc: preview:0 scene:0
02-21 14:25:32.054  1257  1257 I session_reporter.cc: CAP:0 Err:0 sys-vol:(0,0) inDev:NA,JAVA,mode:0 name: Energy:0,0,0,0,0 delta:0ms
02-21 14:25:32.063  1257  6399 E libc    : Access denied finding property "vendor.debug.egl.swapinterval"
02-21 14:25:32.063  1257 13822 I AudioManager: In isSpeakerphoneOn(), calling application: com.tencent.wework
02-21 14:25:32.065 19492 25210 I AudioService: In isSpeakerphoneOn(), mForcedUseForCommExt: 1
02-21 14:25:32.079  1257  6399 E libc    : Access denied finding property "vendor.debug.egl.swapinterval"
02-21 14:25:32.095  1257  6399 I chatty  : uid=10142(com.tencent.wework) RenderThread identical 1 line
02-21 14:25:32.112  1257  6399 E libc    : Access denied finding property "vendor.debug.egl.swapinterval"
02-21 14:25:32.115  1257 13815 I rs_statistic.cc: rs_statistic.cc:411|35F7|[144115215835873344]audio fec ok:10000 userate:0 loss:0 audio jitter:40 recv:202 real:202 in 4S
02-21 14:25:32.116  1257 13816 E audio_jitter.cc: audio_jitter.cc:1015|35F8|netsrc[0xbcf252c0,144115215835873344]recv:3404 last4S:203
02-21 14:25:32.128  1257  6399 E libc    : Access denied finding property "vendor.debug.egl.swapinterval"
02-21 14:25:32.429  1257  6399 I chatty  : uid=10142(com.tencent.wework) RenderThread identical 18 lines
02-21 14:25:32.443  1257  6399 E libc    : Access denied finding property "vendor.debug.egl.swapinterval"
02-21 14:25:32.454   932  1082 I ThermalEngine: Monitor : quiet_therm = 26697, msm_therm = 30343, xo_therm = 30441, battery_therm = 251,current_now = 37000 
02-21 14:25:32.462 19682 19682 W View    : requestLayout() improperly called by com.android.systemui.statusbar.NetworkSpeedView{c1cc0bc V.ED..... ......ID 0,0-147,51} during layout: running second layout pass
02-21 14:25:32.462 19682 19682 W View    : requestLayout() improperly called by com.android.systemui.statusbar.NetworkSpeedView{6903b9a V.ED..... ......ID 0,0-147,51} during layout: running second layout pass
02-21 14:25:32.470  1257  6399 E libc    : Access denied finding property "vendor.debug.egl.swapinterval"
02-21 14:25:32.612  1257  6399 I chatty  : uid=10142(com.tencent.wework) RenderThread identical 9 lines
02-21 14:25:32.627  1257  6399 E libc    : Access denied finding property "vendor.debug.egl.swapinterval"
02-21 14:25:32.627  1257 13825 E jbm_pcm_adaptive_buffer.cc: jbm_pcm_adaptive_buffer.cc:739|3601|[0xad297000]JBM[0]UID[144115215835873344][1715078767]BufferS:0,60,300,286,291,0,0,0,0[0|0|0|0][5|102|119]
02-21 14:25:32.645  1257  6399 E libc    : Access denied finding property "vendor.debug.egl.swapinterval"
02-21 14:25:32.798  1257  6399 I chatty  : uid=10142(com.tencent.wework) RenderThread identical 9 lines
02-21 14:25:32.811  1257  6399 E libc    : Access denied finding property "vendor.debug.egl.swapinterval"
02-21 14:25:32.814  1257  1257 W RenderThread: type=1400 audit(0.0:27437862): avc: denied { read } for name="u:object_r:vendor_default_prop:s0" dev="tmpfs" ino=22212 scontext=u:r:untrusted_app:s0:c142,c256,c512,c768 tcontext=u:object_r:vendor_default_prop:s0 tclass=file permissive=0
02-21 14:25:32.827  1257  6399 E libc    : Access denied finding property "vendor.debug.egl.swapinterval"
02-21 14:25:32.834  1257  1257 W RenderThread: type=1400 audit(0.0:27437863): avc: denied { read } for name="u:object_r:vendor_default_prop:s0" dev="tmpfs" ino=22212 scontext=u:r:untrusted_app:s0:c142,c256,c512,c768 tcontext=u:object_r:vendor_default_prop:s0 tclass=file permissive=0
02-21 14:25:32.845  1257  6399 E libc    : Access denied finding property "vendor.debug.egl.swapinterval"
02-21 14:25:32.854  1257  1257 W RenderThread: type=1400 audit(0.0:27437864): avc: denied { read } for name="u:object_r:vendor_default_prop:s0" dev="tmpfs" ino=22212 scontext=u:r:untrusted_app:s0:c142,c256,c512,c768 tcontext=u:object_r:vendor_default_prop:s0 tclass=file permissive=0
02-21 14:25:32.862  1257  6399 E libc    : Access denied finding property "vendor.debug.egl.swapinterval"
02-21 14:25:32.864  1257  1257 W RenderThread: type=1400 audit(0.0:27437865): avc: denied { read } for name="u:object_r:vendor_default_prop:s0" dev="tmpfs" ino=22212 scontext=u:r:untrusted_app:s0:c142,c256,c512,c768 tcontext=u:object_r:vendor_default_prop:s0 tclass=file permissive=0
02-21 14:25:32.879  1257  6399 E libc    : Access denied finding property "vendor.debug.egl.swapinterval"
02-21 14:25:32.883  1257 13815 I xc_packet_history.c: xc_packet_history.c:174|35F7|ssrc=117445028 seq[4446/2998] ts[1718366372/1715079023] frm[0/0] len:70 lan:0
02-21 14:25:32.884  1257  1257 W RenderThread: type=1400 audit(0.0:27437866): avc: denied { read } for name="u:object_r:vendor_default_prop:s0" dev="tmpfs" ino=22212 scontext=u:r:untrusted_app:s0:c142,c256,c512,c768 tcontext=u:object_r:vendor_default_prop:s0 tclass=file permissive=0
02-21 14:25:32.896  1257  6399 E libc    : Access denied finding property "vendor.debug.egl.swapinterval"
02-21 14:25:32.947  1257  6399 I chatty  : uid=10142(com.tencent.wework) RenderThread identical 3 lines
02-21 14:25:32.960  1257  6399 E libc    : Access denied finding property "vendor.debug.egl.swapinterval"
02-21 14:25:32.976 15908 15927 D NtpTrustedTime: forceRefreshInternal() - No network connected
02-21 14:25:32.979  1257  6399 E libc    : Access denied finding property "vendor.debug.egl.swapinterval"
02-21 14:25:33.027  1257  6399 I chatty  : uid=10142(com.tencent.wework) RenderThread identical 3 lines
02-21 14:25:33.044  1257  6399 E libc    : Access denied finding property "vendor.debug.egl.swapinterval"
02-21 14:25:33.044  1257 13815 I xc_jitter_buffer.c: xc_jitter_buffer.c:653|35F7|ssrc=117445028 seq[4456/3008] delay[0/-33.00] ts[1718366532/1715079184/0.00] fec[0/0/0/1] keyfrm=0 frm[0/0]
02-21 14:25:33.061  1257  6399 E libc    : Access denied finding property "vendor.debug.egl.swapinterval"
02-21 14:25:33.811  1257  6399 I chatty  : uid=10142(com.tencent.wework) RenderThread identical 45 lines
02-21 14:25:33.826  1257  6399 E libc    : Access denied finding property "vendor.debug.egl.swapinterval"
02-21 14:25:33.834  1257  1257 W RenderThread: type=1400 audit(0.0:27437923): avc: denied { read } for name="u:object_r:vendor_default_prop:s0" dev="tmpfs" ino=22212 scontext=u:r:untrusted_app:s0:c142,c256,c512,c768 tcontext=u:object_r:vendor_default_prop:s0 tclass=file permissive=0
02-21 14:25:33.843  1257  6399 E libc    : Access denied finding property "vendor.debug.egl.swapinterval"
02-21 14:25:33.854  1257  1257 W RenderThread: type=1400 audit(0.0:27437924): avc: denied { read } for name="u:object_r:vendor_default_prop:s0" dev="tmpfs" ino=22212 scontext=u:r:untrusted_app:s0:c142,c256,c512,c768 tcontext=u:object_r:vendor_default_prop:s0 tclass=file permissive=0
02-21 14:25:33.862  1257  6399 E libc    : Access denied finding property "vendor.debug.egl.swapinterval"
02-21 14:25:33.864  1257  1257 W RenderThread: type=1400 audit(0.0:27437925): avc: denied { read } for name="u:object_r:vendor_default_prop:s0" dev="tmpfs" ino=22212 scontext=u:r:untrusted_app:s0:c142,c256,c512,c768 tcontext=u:object_r:vendor_default_prop:s0 tclass=file permissive=0
02-21 14:25:33.878  1257  6399 E libc    : Access denied finding property "vendor.debug.egl.swapinterval"
02-21 14:25:33.884  1257  1257 W RenderThread: type=1400 audit(0.0:27437926): avc: denied { read } for name="u:object_r:vendor_default_prop:s0" dev="tmpfs" ino=22212 scontext=u:r:untrusted_app:s0:c142,c256,c512,c768 tcontext=u:object_r:vendor_default_prop:s0 tclass=file permissive=0
02-21 14:25:33.894  1257  6399 E libc    : Access denied finding property "vendor.debug.egl.swapinterval"
02-21 14:25:33.912  1257  6399 E libc    : Access denied finding property "vendor.debug.egl.swapinterval"
02-21 14:25:33.904  1257  1257 W RenderThread: type=1400 audit(0.0:27437927): avc: denied { read } for name="u:object_r:vendor_default_prop:s0" dev="tmpfs" ino=22212 scontext=u:r:untrusted_app:s0:c142,c256,c512,c768 tcontext=u:object_r:vendor_default_prop:s0 tclass=file permissive=0
02-21 14:25:33.927  1257  6399 E libc    : Access denied finding property "vendor.debug.egl.swapinterval"
02-21 14:25:33.940  1257 13814 I av_connector.cc: av_connector.cc:2228|35F6|[dpch-a] (144115215835873344:117445028:1:4512)
02-21 14:25:33.946  1257  6399 E libc    : Access denied finding property "vendor.debug.egl.swapinterval"
02-21 14:25:34.027  1257  6399 I chatty  : uid=10142(com.tencent.wework) RenderThread identical 5 lines
02-21 14:25:34.043  1257  6399 E libc    : Access denied finding property "vendor.debug.egl.swapinterval"
02-21 14:25:34.063  1257  1257 I session_reporter.cc: session_reporter.cc:2234|4E9|[Basic Info]
02-21 14:25:34.063  1257  1257 I session_reporter.cc: Sys[CPU:0.00%(App) 0.00%(Sys) Freq:1766 Temp:33 TM:7637MB FM:1251MB Proc:239.88MB]
02-21 14:25:34.063  1257  1257 I session_reporter.cc: Net[Type:wifi Snd:4kbps@5pkt Rec:52kbps@63pkt RTT:42ms Msg:645 Pkt:639]
02-21 14:25:34.063  1257  1257 I session_reporter.cc: Snd[LossRate:0.00% LossRateResend:0.00 Total:0 Real:0 Resend:0]
02-21 14:25:34.063  1257  1257 I session_reporter.cc: Rec[LossRate:0.00% LossRateRerecv:0.00 Total:62 Real:62]
02-21 14:25:34.063  1257  1257 I session_reporter.cc: [QoE Info]
02-21 14:25:34.063  1257  1257 I session_reporter.cc: [Snd]rtt=50-50 loss=0.00
02-21 14:25:34.063  1257  1257 I session_reporter.cc: [Rec]rtt=50-60 loss=0.00
02-21 14:25:34.063  1257  1257 I session_reporter.cc: CC[codec_br[min/max]:0[200/2500](kbps) acked_br:1(kbps) send_br:0(kbps) state:(0)]
02-21 14:25:34.063  1257  1257 I session_reporter.cc: [Ping Info]
02-21 14:25:34.063  1257  1257 I session_reporter.cc: [RTT:192.168.31.1:2 ms]
02-21 14:25:34.063  1257  1257 I session_reporter.cc: [Video Info]
02-21 14:25:34.063  1257  1257 I session_reporter.cc: NetState[Snd:1@1 Recv:1@1][State:0 Rtt:44]
02-21 14:25:34.063  1257  1257 I session_reporter.cc: [QoS Info]
02-21 14:25:34.063  1257  1257 I session_reporter.cc: Audio[Codec:4129 SR:16000 BR:20000 pktMS:20 NM:4+3 MTU:0 INFEC:0 Jitter:300,400-2000 Arq:1 Gap:2 Delay:2000 Cnt:20]
02-21 14:25:34.063  1257  1257 I session_reporter.cc: [Audio Info]
02-21 14:25:34.063  1257  1257 I session_reporter.cc: Prep[vol:0 AEC:1 delay:(0,-2,-100) bias:1 leak:0 AGC:1 bef:0 aft:0 gain:0 clip:0 noise:-110 ANS:1 VAD:1 moba:0 S:0 rate:100 HOW:0 S:0 NOISE:1 S:0 RNN:0 S:0 bt:0 quant:N]
02-21 14:25:34.063  1257  1257 I session_reporter.cc: Post[vol:0 CNG:0 dB:0 HOW:0 S:0 BWE:0 S:0]
02-21 14:25:34.063  1257  1257 I session_reporter.cc: preview:0 scene:0
02-21 14:25:34.063  1257  1257 I session_reporter.cc: CAP:0 Err:0 sys-vol:(0,0) inDev:NA,JAVA,mode:0 name: Energy:0,0,0,0,0 delta:0ms
02-21 14:25:34.069  1257  6399 E libc    : Access denied finding property "vendor.debug.egl.swapinterval"
02-21 14:25:34.094  1257  6399 I chatty  : uid=10142(com.tencent.wework) RenderThread identical 2 lines
02-21 14:25:34.111  1257  6399 E libc    : Access denied finding property "vendor.debug.egl.swapinterval"
02-21 14:25:34.117  1257  1257 I session_qos.cc: session_qos.cc:1798|4E9|audio logic recv qospush:samplerate[16000] codectype[4129] chnnum[1] bitrate[20000] packdur[20] lost[0] recn[4] recm[5] ratetype[0] audiomtu[0] aec[1] agc[1] ns[1] dtx[1] vad[1] lostfb[1] arq[1] jitter[300,400,2000-100]
02-21 14:25:34.118  1257  1257 I xc_audio_fec.cc: xc_audio_fec.cc:169|4E9|[Rs] set n=4, m 5.
02-21 14:25:34.118  1257  1257 I rs_fec_enc.cc: rs_fec_enc.cc:425|4E9|[CFECEnc]RS FEC Configuration:[N=4][M=5]
02-21 14:25:34.128  1257  6399 E libc    : Access denied finding property "vendor.debug.egl.swapinterval"
02-21 14:25:34.593  1257  6399 I chatty  : uid=10142(com.tencent.wework) RenderThread identical 28 lines
02-21 14:25:34.609  1257  6399 E libc    : Access denied finding property "vendor.debug.egl.swapinterval"
02-21 14:25:34.627  1257 13815 I arq_notify.cc: arq_notify.cc:928|35F7|[144115215835873344]Arq Stat Common:LossB:33 LossA:0 BitrateBefore:0 BitrateAfter:0 CntMax:0 CntAvg:0 CostM:41 CostA:39 RttM:41 RttA:39 ReqCnt:0 RevCnt:0 ReqRatio:1.00 Interval:3184
02-21 14:25:34.627  1257  6399 E libc    : Access denied finding property "vendor.debug.egl.swapinterval"
02-21 14:25:34.627  1257 13815 I arq_notify.cc: arq_notify.cc:934|35F7|[144115215835873344]Arq:1 Rtt:52 Count:0 Seq:4554 TriggerA:0 TriggerB:0 Cb:0xc388a93d Eos cnt:5 Eos seq:233
02-21 14:25:34.630  1257 13825 E jbm_pcm_adaptive_buffer.cc: jbm_pcm_adaptive_buffer.cc:739|3601|[0xad297000]JBM[0]UID[144115215835873344][1715080770]BufferS:0,60,300,290,291,0,0,0,0[0|0|0|0][5|100|119]
02-21 14:25:34.646  1257  6399 E libc    : Access denied finding property "vendor.debug.egl.swapinterval"
02-21 14:25:34.826  1257  6399 I chatty  : uid=10142(com.tencent.wework) RenderThread identical 11 lines
02-21 14:25:34.845  1257  6399 E libc    : Access denied finding property "vendor.debug.egl.swapinterval"
02-21 14:25:34.854  1257  1257 W RenderThread: type=1400 audit(0.0:27437984): avc: denied { read } for name="u:object_r:vendor_default_prop:s0" dev="tmpfs" ino=22212 scontext=u:r:untrusted_app:s0:c142,c256,c512,c768 tcontext=u:object_r:vendor_default_prop:s0 tclass=file permissive=0
02-21 14:25:34.863  1257  6399 E libc    : Access denied finding property "vendor.debug.egl.swapinterval"
02-21 14:25:34.864  1257  1257 W RenderThread: type=1400 audit(0.0:27437985): avc: denied { read } for name="u:object_r:vendor_default_prop:s0" dev="tmpfs" ino=22212 scontext=u:r:untrusted_app:s0:c142,c256,c512,c768 tcontext=u:object_r:vendor_default_prop:s0 tclass=file permissive=0
02-21 14:25:34.878  1257  6399 E libc    : Access denied finding property "vendor.debug.egl.swapinterval"
02-21 14:25:34.884  1257  1257 W RenderThread: type=1400 audit(0.0:27437986): avc: denied { read } for name="u:object_r:vendor_default_prop:s0" dev="tmpfs" ino=22212 scontext=u:r:untrusted_app:s0:c142,c256,c512,c768 tcontext=u:object_r:vendor_default_prop:s0 tclass=file permissive=0
02-21 14:25:34.895  1257  6399 E libc    : Access denied finding property "vendor.debug.egl.swapinterval"
02-21 14:25:34.904  1257  1257 W RenderThread: type=1400 audit(0.0:27437987): avc: denied { read } for name="u:object_r:vendor_default_prop:s0" dev="tmpfs" ino=22212 scontext=u:r:untrusted_app:s0:c142,c256,c512,c768 tcontext=u:object_r:vendor_default_prop:s0 tclass=file permissive=0
02-21 14:25:34.912  1257  6399 E libc    : Access denied finding property "vendor.debug.egl.swapinterval"
02-21 14:25:34.914  1257  1257 W RenderThread: type=1400 audit(0.0:27437988): avc: denied { read } for name="u:object_r:vendor_default_prop:s0" dev="tmpfs" ino=22212 scontext=u:r:untrusted_app:s0:c142,c256,c512,c768 tcontext=u:object_r:vendor_default_prop:s0 tclass=file permissive=0
02-21 14:25:34.928  1257  6399 E libc    : Access denied finding property "vendor.debug.egl.swapinterval"
02-21 14:25:35.443  1257  6399 I chatty  : uid=10142(com.tencent.wework) RenderThread identical 31 lines
02-21 14:25:35.460  1257  6399 E libc    : Access denied finding property "vendor.debug.egl.swapinterval"
02-21 14:25:35.477 19682 19682 W View    : requestLayout() improperly called by com.android.systemui.statusbar.NetworkSpeedView{c1cc0bc V.ED..... ......ID 0,0-147,51} during layout: running second layout pass
02-21 14:25:35.477 19682 19682 W View    : requestLayout() improperly called by com.android.systemui.statusbar.NetworkSpeedView{6903b9a V.ED..... ......ID 0,0-147,51} during layout: running second layout pass
02-21 14:25:35.478  1257  6399 E libc    : Access denied finding property "vendor.debug.egl.swapinterval"
02-21 14:25:35.696  1257  6399 I chatty  : uid=10142(com.tencent.wework) RenderThread identical 13 lines
02-21 14:25:35.711  1257  6399 E libc    : Access denied finding property "vendor.debug.egl.swapinterval"
02-21 14:25:35.718 14226 14226 D OnLineStatusHelper: onBatteryChanged onlineStatus == online, extOnlineStatus() == 0
02-21 14:25:35.729  1257  6399 E libc    : Access denied finding property "vendor.debug.egl.swapinterval"
02-21 14:25:35.843  1257  6399 I chatty  : uid=10142(com.tencent.wework) RenderThread identical 7 lines
02-21 14:25:35.862  1257  6399 E libc    : Access denied finding property "vendor.debug.egl.swapinterval"
02-21 14:25:35.864  1257  1257 W RenderThread: type=1400 audit(0.0:27438045): avc: denied { read } for name="u:object_r:vendor_default_prop:s0" dev="tmpfs" ino=22212 scontext=u:r:untrusted_app:s0:c142,c256,c512,c768 tcontext=u:object_r:vendor_default_prop:s0 tclass=file permissive=0
02-21 14:25:35.876  1257  6399 E libc    : Access denied finding property "vendor.debug.egl.swapinterval"
02-21 14:25:35.884  1257  1257 W RenderThread: type=1400 audit(0.0:27438046): avc: denied { read } for name="u:object_r:vendor_default_prop:s0" dev="tmpfs" ino=22212 scontext=u:r:untrusted_app:s0:c142,c256,c512,c768 tcontext=u:object_r:vendor_default_prop:s0 tclass=file permissive=0
02-21 14:25:35.895  1257  6399 E libc    : Access denied finding property "vendor.debug.egl.swapinterval"
02-21 14:25:35.904  1257  1257 W RenderThread: type=1400 audit(0.0:27438047): avc: denied { read } for name="u:object_r:vendor_default_prop:s0" dev="tmpfs" ino=22212 scontext=u:r:untrusted_app:s0:c142,c256,c512,c768 tcontext=u:object_r:vendor_default_prop:s0 tclass=file permissive=0
02-21 14:25:35.911  1257  6399 E libc    : Access denied finding property "vendor.debug.egl.swapinterval"
02-21 14:25:35.929  1257  6399 E libc    : Access denied finding property "vendor.debug.egl.swapinterval"
02-21 14:25:35.914  1257  1257 W RenderThread: type=1400 audit(0.0:27438048): avc: denied { read } for name="u:object_r:vendor_default_prop:s0" dev="tmpfs" ino=22212 scontext=u:r:untrusted_app:s0:c142,c256,c512,c768 tcontext=u:object_r:vendor_default_prop:s0 tclass=file permissive=0
02-21 14:25:35.934  1257  1257 W RenderThread: type=1400 audit(0.0:27438049): avc: denied { read } for name="u:object_r:vendor_default_prop:s0" dev="tmpfs" ino=22212 scontext=u:r:untrusted_app:s0:c142,c256,c512,c768 tcontext=u:object_r:vendor_default_prop:s0 tclass=file permissive=0
02-21 14:25:35.946  1257  6399 E libc    : Access denied finding property "vendor.debug.egl.swapinterval"
02-21 14:25:35.961  1257  6399 E libc    : Access denied finding property "vendor.debug.egl.swapinterval"
02-21 14:25:35.977 15908 15927 D NtpTrustedTime: forceRefreshInternal() - No network connected
02-21 14:25:35.977  1257  6399 E libc    : Access denied finding property "vendor.debug.egl.swapinterval"
02-21 14:25:36.045  1257  6399 I chatty  : uid=10142(com.tencent.wework) RenderThread identical 4 lines
02-21 14:25:36.060  1257  6399 E libc    : Access denied finding property "vendor.debug.egl.swapinterval"
02-21 14:25:36.066  1257 13822 I AudioManager: In isSpeakerphoneOn(), calling application: com.tencent.wework
02-21 14:25:36.066 19492 25210 I AudioService: In isSpeakerphoneOn(), mForcedUseForCommExt: 1
02-21 14:25:36.072  1257  1257 I session_reporter.cc: session_reporter.cc:2234|4E9|[Basic Info]
