02-21 14:25:36.072  1257  1257 I session_reporter.cc: Sys[CPU:0.00%(App) 0.00%(Sys) Freq:1766 Temp:34 TM:7637MB FM:1261MB Proc:240.37MB]
02-21 14:25:36.072  1257  1257 I session_reporter.cc: Net[Type:wifi Snd:3kbps@3pkt Rec:52kbps@63pkt RTT:41ms Msg:644 Pkt:638]
02-21 14:25:36.072  1257  1257 I session_reporter.cc: Snd[LossRate:0.00% LossRateResend:0.00 Total:0 Real:0 Resend:0]
02-21 14:25:36.072  1257  1257 I session_reporter.cc: Rec[LossRate:0.00% LossRateRerecv:0.00 Total:65 Real:65]
02-21 14:25:36.072  1257  1257 I session_reporter.cc: [QoE Info]
02-21 14:25:36.072  1257  1257 I session_reporter.cc: [Snd]rtt=50-50 loss=0.00
02-21 14:25:36.072  1257  1257 I session_reporter.cc: [Rec]rtt=50-200 loss=0.00
02-21 14:25:36.072  1257  1257 I session_reporter.cc: CC[codec_br[min/max]:0[200/2500](kbps) acked_br:1(kbps) send_br:0(kbps) state:(0)]
02-21 14:25:36.072  1257  1257 I session_reporter.cc: [Ping Info]
02-21 14:25:36.072  1257  1257 I session_reporter.cc: [RTT:192.168.31.1:2 ms]
02-21 14:25:36.072  1257  1257 I session_reporter.cc: [Video Info]
02-21 14:25:36.072  1257  1257 I session_reporter.cc: NetState[Snd:1@1 Recv:1@1][State:0 Rtt:50]
02-21 14:25:36.072  1257  1257 I session_reporter.cc: [QoS Info]
02-21 14:25:36.072  1257  1257 I session_reporter.cc: Audio[Codec:4129 SR:16000 BR:20000 pktMS:20 NM:4+5 MTU:0 INFEC:0 Jitter:300,400-2000 Arq:1 Gap:2 Delay:2000 Cnt:20]
02-21 14:25:36.072  1257  1257 I session_reporter.cc: [Audio Info]
02-21 14:25:36.072  1257  1257 I session_reporter.cc: Prep[vol:0 AEC:1 delay:(0,-2,-100) bias:1 leak:0 AGC:1 bef:0 aft:0 gain:0 clip:0 noise:-110 ANS:1 VAD:1 moba:0 S:0 rate:100 HOW:0 S:0 NOISE:1 S:0 RNN:0 S:0 bt:0 quant:N]
02-21 14:25:36.072  1257  1257 I session_reporter.cc: Post[vol:0 CNG:0 dB:0 HOW:0 S:0 BWE:0 S:0]
02-21 14:25:36.072  1257  1257 I session_reporter.cc: preview:0 scene:0
02-21 14:25:36.072  1257  1257 I session_reporter.cc: CAP:0 Err:0 sys-vol:(0,0) inDev:NA,JAVA,mode:0 name: Energy:0,0,0,0,0 delta:0m
02-21 14:25:36.081  1257  6399 E libc    : Access denied finding property "vendor.debug.egl.swapinterval"
02-21 14:25:36.095  1257  6399 I chatty  : uid=10142(com.tencent.wework) RenderThread identical 1 line
02-21 14:25:36.110  1257  6399 E libc    : Access denied finding property "vendor.debug.egl.swapinterval"
02-21 14:25:36.117  1257  1257 I session_qos.cc: session_qos.cc:1798|4E9|audio logic recv qospush:samplerate[16000] codectype[4129] chnnum[1] bitrate[20000] packdur[20] lost[0] recn[4] recm[4] ratetype[0] audiomtu[0] aec[1] agc[1] ns[1] dtx[1] vad[1] lostfb[1] arq[1] jitter[300,400,2000-100]
02-21 14:25:36.117  1257  1257 I xc_audio_fec.cc: xc_audio_fec.cc:169|4E9|[Rs] set n=4, m 4.
02-21 14:25:36.118  1257  1257 I rs_fec_enc.cc: rs_fec_enc.cc:425|4E9|[CFECEnc]RS FEC Configuration:[N=4][M=4]
02-21 14:25:36.124  1257 13815 I rs_statistic.cc: rs_statistic.cc:411|35F7|[144115215835873344]audio fec ok:10000 userate:0 loss:0 audio jitter:40 recv:201 real:201 in 4S
02-21 14:25:36.124  1257 13816 E audio_jitter.cc: audio_jitter.cc:1015|35F8|netsrc[0xbcf252c0,144115215835873344]recv:3606 last4S:202
02-21 14:25:36.133  1257  6399 E libc    : Access denied finding property "vendor.debug.egl.swapinterval"
02-21 14:25:36.628  1257  6399 I chatty  : uid=10142(com.tencent.wework) RenderThread identical 30 lines
02-21 14:25:36.643  1257  6399 E libc    : Access denied finding property "vendor.debug.egl.swapinterval"
02-21 14:25:36.650  1257 13825 E jbm_pcm_adaptive_buffer.cc: jbm_pcm_adaptive_buffer.cc:739|3601|[0xad297000]JBM[0]UID[144115215835873344][1715082790]BufferS:0,60,300,282,271,0,0,0,0[0|0|0|0][5|100|132]
02-21 14:25:36.661  1257  6399 E libc    : Access denied finding property "vendor.debug.egl.swapinterval"
02-21 14:25:36.776  1257  6399 I chatty  : uid=10142(com.tencent.wework) RenderThread identical 7 lines
02-21 14:25:36.793  1257  6399 E libc    : Access denied finding property "vendor.debug.egl.swapinterval"
02-21 14:25:36.800 14226 14511 I SmartThreadExecutor: handleMessage: start check 0
02-21 14:25:36.800 14226 14511 I SmartThreadExecutor: handleMessage: check end 0 -40 false
02-21 14:25:36.811  1257  6399 E libc    : Access denied finding property "vendor.debug.egl.swapinterval"
02-21 14:25:36.862  1257  6399 I chatty  : uid=10142(com.tencent.wework) RenderThread identical 3 lines
02-21 14:25:36.876  1257  6399 E libc    : Access denied finding property "vendor.debug.egl.swapinterval"
02-21 14:25:36.884  1257  1257 W RenderThread: type=1400 audit(0.0:27438106): avc: denied { read } for name="u:object_r:vendor_default_prop:s0" dev="tmpfs" ino=22212 scontext=u:r:untrusted_app:s0:c142,c256,c512,c768 tcontext=u:object_r:vendor_default_prop:s0 tclass=file permissive=0
02-21 14:25:36.894  1257  6399 E libc    : Access denied finding property "vendor.debug.egl.swapinterval"
02-21 14:25:36.904  1257  1257 W RenderThread: type=1400 audit(0.0:27438107): avc: denied { read } for name="u:object_r:vendor_default_prop:s0" dev="tmpfs" ino=22212 scontext=u:r:untrusted_app:s0:c142,c256,c512,c768 tcontext=u:object_r:vendor_default_prop:s0 tclass=file permissive=0
02-21 14:25:36.911  1257  6399 E libc    : Access denied finding property "vendor.debug.egl.swapinterval"
02-21 14:25:36.928  1257  6399 E libc    : Access denied finding property "vendor.debug.egl.swapinterval"
02-21 14:25:36.914  1257  1257 W RenderThread: type=1400 audit(0.0:27438108): avc: denied { read } for name="u:object_r:vendor_default_prop:s0" dev="tmpfs" ino=22212 scontext=u:r:untrusted_app:s0:c142,c256,c512,c768 tcontext=u:object_r:vendor_default_prop:s0 tclass=file permissive=0
02-21 14:25:36.934  1257  1257 W RenderThread: type=1400 audit(0.0:27438109): avc: denied { read } for name="u:object_r:vendor_default_prop:s0" dev="tmpfs" ino=22212 scontext=u:r:untrusted_app:s0:c142,c256,c512,c768 tcontext=u:object_r:vendor_default_prop:s0 tclass=file permissive=0
02-21 14:25:36.946  1257  6399 E libc    : Access denied finding property "vendor.debug.egl.swapinterval"
02-21 14:25:36.954  1257  1257 W RenderThread: type=1400 audit(0.0:27438110): avc: denied { read } for name="u:object_r:vendor_default_prop:s0" dev="tmpfs" ino=22212 scontext=u:r:untrusted_app:s0:c142,c256,c512,c768 tcontext=u:object_r:vendor_default_prop:s0 tclass=file permissive=0
02-21 14:25:36.961  1257  6399 E libc    : Access denied finding property "vendor.debug.egl.swapinterval"
02-21 14:25:37.030  1257  6399 I chatty  : uid=10142(com.tencent.wework) RenderThread identical 4 lines
02-21 14:25:37.044  1257  6399 E libc    : Access denied finding property "vendor.debug.egl.swapinterval"
02-21 14:25:37.051  1257  1257 I audio_monitor.c: audio_monitor.c:1675|4E9|speaker_user_notify 144115215835873344,: 16295, 49, channel: wemeet-channel
02-21 14:25:37.063  1257  6399 E libc    : Access denied finding property "vendor.debug.egl.swapinterval"
02-21 14:25:37.477  1257  6399 I chatty  : uid=10142(com.tencent.wework) RenderThread identical 25 lines
02-21 14:25:37.496  1257  6399 E libc    : Access denied finding property "vendor.debug.egl.swapinterval"
02-21 14:25:37.520 16225 16245 E libc    : Access denied finding property "vendor.debug.egl.swapinterval"
--------- beginning of system
02-21 14:25:37.523 19492 25210 I ActivityManager: START u0 {cmp=com.player.xingfeng.multimedia/.audioplay.AudioPlayActivity} from uid 10095 pid 16225
02-21 14:25:37.525  1257  6399 E libc    : Access denied finding property "vendor.debug.egl.swapinterval"
02-21 14:25:37.528  1257  6399 E libc    : Access denied finding property "vendor.debug.egl.swapinterval"
02-21 14:25:37.533 19492 25210 D ActivityTrigger: activityStartTrigger: Activity is Triggerred in full screen ApplicationInfo{d7cea8b com.player.xingfeng.multimedia}
02-21 14:25:37.534 19492 25210 E ActivityTrigger: activityStartTrigger: not whiteListedcom.player.xingfeng.multimedia/com.player.xingfeng.multimedia.audioplay.AudioPlayActivity/1
02-21 14:25:37.534 19492 25210 D ActivityTrigger: activityResumeTrigger: The activity in ApplicationInfo{d7cea8b com.player.xingfeng.multimedia} is now in focus and seems to be in full-screen mode
02-21 14:25:37.534 19492 25210 E ActivityTrigger: activityResumeTrigger: not whiteListedcom.player.xingfeng.multimedia/com.player.xingfeng.multimedia.audioplay.AudioPlayActivity/1
02-21 14:25:37.535 19492 25210 D ActivityTrigger: ActivityTrigger activityPauseTrigger 
02-21 14:25:37.535 19492 19507 D RestartProcessManager: increase duration : 28681 for com.player.xingfeng.multimedia
02-21 14:25:37.548  1257  6399 E libc    : Access denied finding property "vendor.debug.egl.swapinterval"
02-21 14:25:37.549 19492 25210 D ActivityTrigger: activityResumeTrigger: The activity in ApplicationInfo{d7cea8b com.player.xingfeng.multimedia} is now in focus and seems to be in full-screen mode
02-21 14:25:37.549 19492 25210 E ActivityTrigger: activityResumeTrigger: not whiteListedcom.player.xingfeng.multimedia/com.player.xingfeng.multimedia.audioplay.AudioPlayActivity/1
02-21 14:25:37.549 16225 16245 E libc    : Access denied finding property "vendor.debug.egl.swapinterval"
02-21 14:25:37.551 16225 16245 E libc    : Access denied finding property "vendor.debug.egl.swapinterval"
02-21 14:25:37.552 19492 19507 D RestartProcessManager: Update Total Launch Times :com.player.xingfeng.multimedia
02-21 14:25:37.552 19492 19507 D RestartProcessManager: updateSelf :  com.player.xingfeng.multimedia, size : 30
02-21 14:25:37.552 19492 19507 D RestartProcessManager: Last Running Package : com.player.xingfeng.multimedia , start time 1582266337552
02-21 14:25:37.560 16225 16225 W ActivityThread: handleWindowVisibility: no activity for token android.os.BinderProxy@53d560
02-21 14:25:37.562 16225 16245 E libc    : Access denied finding property "vendor.debug.egl.swapinterval"
02-21 14:25:37.562  1257  6399 E libc    : Access denied finding property "vendor.debug.egl.swapinterval"
02-21 14:25:37.576  1257  6399 E libc    : Access denied finding property "vendor.debug.egl.swapinterval"
02-21 14:25:37.578 16225 16245 E libc    : Access denied finding property "vendor.debug.egl.swapinterval"
02-21 14:25:37.579 16225 16225 I Shixing_ffmpeg: SoundService::SoundService()
02-21 14:25:37.593  1257  6399 E libc    : Access denied finding property "vendor.debug.egl.swapinterval"
02-21 14:25:37.595 16225 16245 E libc    : Access denied finding property "vendor.debug.egl.swapinterval"
02-21 14:25:37.611  1257  6399 E libc    : Access denied finding property "vendor.debug.egl.swapinterval"
02-21 14:25:37.611 16225 16245 E libc    : Access denied finding property "vendor.debug.egl.swapinterval"
02-21 14:25:37.627  1257  6399 E libc    : Access denied finding property "vendor.debug.egl.swapinterval"
02-21 14:25:37.628 16225 16245 E libc    : Access denied finding property "vendor.debug.egl.swapinterval"
02-21 14:25:37.645 16225 16245 E libc    : Access denied finding property "vendor.debug.egl.swapinterval"
02-21 14:25:37.647  1257  6399 E libc    : Access denied finding property "vendor.debug.egl.swapinterval"
02-21 14:25:37.660 16225 16238 D DecorView: onWindowFocusChangedFromViewRoot hasFocus: true, DecorView@2800903[AudioPlayActivity]
02-21 14:25:37.662 16225 16245 E libc    : Access denied finding property "vendor.debug.egl.swapinterval"
02-21 14:25:37.662 20729 20729 I RecentsModel: onTaskStackChanged# mTaskChangeId=9057
02-21 14:25:37.664  1257  6399 E libc    : Access denied finding property "vendor.debug.egl.swapinterval"
02-21 14:25:37.668 16225 16245 E libc    : Access denied finding property "vendor.debug.egl.changepixelformat"
02-21 14:25:37.679  1257  6399 E libc    : Access denied finding property "vendor.debug.egl.swapinterval"
02-21 14:25:37.679 16225 16245 E libc    : Access denied finding property "vendor.debug.egl.swapinterval"
02-21 14:25:37.692 16225 16245 E libc    : Access denied finding property "vendor.debug.egl.swapinterval"
02-21 14:25:37.695  1257  6399 E libc    : Access denied finding property "vendor.debug.egl.swapinterval"
02-21 14:25:37.695 16225 16245 E libc    : Access denied finding property "vendor.debug.egl.swapinterval"
02-21 14:25:37.704 19492 19515 I ActivityManager: Displayed com.player.xingfeng.multimedia/.audioplay.AudioPlayActivity: +148ms
02-21 14:25:37.704 19492 19570 E OnePlusSmartBoostManager: socket connect
02-21 14:25:37.705 19492 19570 E OnePlusSmartBoostManager: cmd: iop_start 16225 com.player.xingfeng.multimedia /data/app/com.player.xingfeng.multimedia--DS-dazdUFNkB2mfZsPlaA== false length = 118
02-21 14:25:37.705 19492 19570 E OnePlusSmartBoostManager: data: [B@cf67e30 length = 118
02-21 14:25:37.705   943 16262 E ANDR-RAMBOOST_SERVER: ramboost cmd_len = 118 cmd: iop_start 16225 com.player.xingfeng.multimedia /data/app/com.player.xingfeng.multimedia--DS-dazdUFNkB2mfZsPlaA== false
02-21 14:25:37.706   943 16262 E ANDR-RAMBOOST_SERVER: io prefetch Capture is deactivated 
02-21 14:25:37.712 16225 16245 E libc    : Access denied finding property "vendor.debug.egl.swapinterval"
02-21 14:25:37.712  1257  6399 E libc    : Access denied finding property "vendor.debug.egl.swapinterval"
02-21 14:25:37.713 16225 16245 E libc    : Access denied finding property "vendor.debug.egl.swapinterval"
02-21 14:25:37.729 16225 16245 E libc    : Access denied finding property "vendor.debug.egl.swapinterval"
02-21 14:25:37.730  1257  6399 E libc    : Access denied finding property "vendor.debug.egl.swapinterval"
02-21 14:25:37.747 16225 16245 E libc    : Access denied finding property "vendor.debug.egl.swapinterval"
02-21 14:25:37.747  1257  6399 E libc    : Access denied finding property "vendor.debug.egl.swapinterval"
02-21 14:25:37.764 16225 16245 E libc    : Access denied finding property "vendor.debug.egl.swapinterval"
02-21 14:25:37.764  1257  6399 E libc    : Access denied finding property "vendor.debug.egl.swapinterval"
02-21 14:25:37.780 16225 16245 E libc    : Access denied finding property "vendor.debug.egl.swapinterval"
02-21 14:25:37.781  1257  6399 E libc    : Access denied finding property "vendor.debug.egl.swapinterval"
02-21 14:25:37.788  1257 13815 I arq_notify.cc: arq_notify.cc:928|35F7|[144115215835873344]Arq Stat Common:LossB:33 LossA:0 BitrateBefore:0 BitrateAfter:0 CntMax:0 CntAvg:0 CostM:129 CostA:76 RttM:129 RttA:76 ReqCnt:0 RevCnt:0 ReqRatio:1.00 Interval:3160
02-21 14:25:37.788  1257 13815 I arq_notify.cc: arq_notify.cc:934|35F7|[144115215835873344]Arq:1 Rtt:63 Count:0 Seq:4754 TriggerA:0 TriggerB:0 Cb:0xc388a93d Eos cnt:5 Eos seq:233
02-21 14:25:37.797 16225 16245 E libc    : Access denied finding property "vendor.debug.egl.swapinterval"
02-21 14:25:37.797  1257  6399 E libc    : Access denied finding property "vendor.debug.egl.swapinterval"
02-21 14:25:37.814 16225 16245 E libc    : Access denied finding property "vendor.debug.egl.swapinterval"
02-21 14:25:37.814  1257  6399 E libc    : Access denied finding property "vendor.debug.egl.swapinterval"
02-21 14:25:37.830 16225 16245 E libc    : Access denied finding property "vendor.debug.egl.swapinterval"
02-21 14:25:37.831  1257  6399 E libc    : Access denied finding property "vendor.debug.egl.swapinterval"
02-21 14:25:37.846 16225 16245 E libc    : Access denied finding property "vendor.debug.egl.swapinterval"
02-21 14:25:37.846  1257  6399 E libc    : Access denied finding property "vendor.debug.egl.swapinterval"
02-21 14:25:37.864  1257  6399 E libc    : Access denied finding property "vendor.debug.egl.swapinterval"
02-21 14:25:37.864 16225 16245 E libc    : Access denied finding property "vendor.debug.egl.swapinterval"
02-21 14:25:37.881 16225 16245 E libc    : Access denied finding property "vendor.debug.egl.swapinterval"
02-21 14:25:37.881  1257  6399 E libc    : Access denied finding property "vendor.debug.egl.swapinterval"
02-21 14:25:37.899  1257  6399 E libc    : Access denied finding property "vendor.debug.egl.swapinterval"
02-21 14:25:37.904  1257  1257 W RenderThread: type=1400 audit(0.0:27438193): avc: denied { read } for name="u:object_r:vendor_default_prop:s0" dev="tmpfs" ino=22212 scontext=u:r:untrusted_app:s0:c142,c256,c512,c768 tcontext=u:object_r:vendor_default_prop:s0 tclass=file permissive=0
02-21 14:25:37.913  1257  6399 E libc    : Access denied finding property "vendor.debug.egl.swapinterval"
02-21 14:25:37.924  1257  1257 W RenderThread: type=1400 audit(0.0:27438194): avc: denied { read } for name="u:object_r:vendor_default_prop:s0" dev="tmpfs" ino=22212 scontext=u:r:untrusted_app:s0:c142,c256,c512,c768 tcontext=u:object_r:vendor_default_prop:s0 tclass=file permissive=0
02-21 14:25:37.937  1257  6399 E libc    : Access denied finding property "vendor.debug.egl.swapinterval"
02-21 14:25:37.944  1257  1257 W RenderThread: type=1400 audit(0.0:27438195): avc: denied { read } for name="u:object_r:vendor_default_prop:s0" dev="tmpfs" ino=22212 scontext=u:r:untrusted_app:s0:c142,c256,c512,c768 tcontext=u:object_r:vendor_default_prop:s0 tclass=file permissive=0
02-21 14:25:37.955  1257  6399 E libc    : Access denied finding property "vendor.debug.egl.swapinterval"
02-21 14:25:37.964  1257  1257 W RenderThread: type=1400 audit(0.0:27438196): avc: denied { read } for name="u:object_r:vendor_default_prop:s0" dev="tmpfs" ino=22212 scontext=u:r:untrusted_app:s0:c142,c256,c512,c768 tcontext=u:object_r:vendor_default_prop:s0 tclass=file permissive=0
02-21 14:25:37.970  1257  6399 E libc    : Access denied finding property "vendor.debug.egl.swapinterval"
02-21 14:25:37.974  1257  1257 W RenderThread: type=1400 audit(0.0:27438197): avc: denied { read } for name="u:object_r:vendor_default_prop:s0" dev="tmpfs" ino=22212 scontext=u:r:untrusted_app:s0:c142,c256,c512,c768 tcontext=u:object_r:vendor_default_prop:s0 tclass=file permissive=0
02-21 14:25:37.987  1257  6399 E libc    : Access denied finding property "vendor.debug.egl.swapinterval"
02-21 14:25:38.052  1257  6399 I chatty  : uid=10142(com.tencent.wework) RenderThread identical 4 lines
02-21 14:25:38.069  1257  6399 E libc    : Access denied finding property "vendor.debug.egl.swapinterval"
02-21 14:25:38.085  1257  1257 I session_reporter.cc: session_reporter.cc:2234|4E9|[Basic Info]
02-21 14:25:38.085  1257  1257 I session_reporter.cc: Sys[CPU:0.00%(App) 0.00%(Sys) Freq:1536 Temp:37 TM:7637MB FM:1259MB Proc:240.37MB]
02-21 14:25:38.085  1257  1257 I session_reporter.cc: Net[Type:wifi Snd:4kbps@5pkt Rec:53kbps@63pkt RTT:119ms Msg:644 Pkt:638]
02-21 14:25:38.085  1257  1257 I session_reporter.cc: Snd[LossRate:0.00% LossRateResend:0.00 Total:0 Real:0 Resend:0]
02-21 14:25:38.085  1257  1257 I session_reporter.cc: Rec[LossRate:0.00% LossRateRerecv:0.00 Total:62 Real:62]
02-21 14:25:38.085  1257  1257 I session_reporter.cc: [QoE Info]
02-21 14:25:38.085  1257  1257 I session_reporter.cc: [Snd]rtt=50-50 loss=0.00
02-21 14:25:38.085  1257  1257 I session_reporter.cc: [Rec]rtt=50-200 loss=0.00
02-21 14:25:38.085  1257  1257 I session_reporter.cc: CC[codec_br[min/max]:0[200/2500](kbps) acked_br:1(kbps) send_br:0(kbps) state:(0)]
02-21 14:25:38.085  1257  1257 I session_reporter.cc: [Ping Info]
02-21 14:25:38.085  1257  1257 I session_reporter.cc: [RTT:192.168.31.1:1 ms]
02-21 14:25:38.085  1257  1257 I session_reporter.cc: [Video Info]
02-21 14:25:38.085  1257  1257 I session_reporter.cc: NetState[Snd:2@2 Recv:1@1][State:0 Rtt:45]
02-21 14:25:38.085  1257  1257 I session_reporter.cc: [QoS Info]
02-21 14:25:38.085  1257  1257 I session_reporter.cc: Audio[Codec:4129 SR:16000 BR:20000 pktMS:20 NM:4+4 MTU:0 INFEC:0 Jitter:300,400-2000 Arq:1 Gap:2 Delay:2000 Cnt:20]
02-21 14:25:38.085  1257  1257 I session_reporter.cc: [Audio Info]
02-21 14:25:38.085  1257  1257 I session_reporter.cc: Prep[vol:0 AEC:1 delay:(0,-2,-100) bias:1 leak:0 AGC:1 bef:0 aft:0 gain:0 clip:0 noise:-110 ANS:1 VAD:1 moba:0 S:0 rate:100 HOW:0 S:0 NOISE:1 S:0 RNN:0 S:0 bt:0 quant:N]
02-21 14:25:38.085  1257  1257 I session_reporter.cc: Post[vol:0 CNG:0 dB:0 HOW:0 S:0 BWE:0 S:0]
02-21 14:25:38.085  1257  1257 I session_reporter.cc: preview:0 scene:0
02-21 14:25:38.085  1257  1257 I session_reporter.cc: CAP:0 Err:0 sys-vol:(0,0) inDev:NA,JAVA,mode:0 name: Energy:0,0,0,0,0 delta:0
02-21 14:25:38.101  1257  6399 E libc    : Access denied finding property "vendor.debug.egl.swapinterval"
02-21 14:25:38.105  1257  6399 E libc    : Access denied finding property "vendor.debug.egl.swapinterval"
02-21 14:25:38.106 14607 14816 I SmartThreadExecutor: handleMessage: start check 0
02-21 14:25:38.106 14607 14816 I SmartThreadExecutor: handleMessage: check end 0 -40 false
02-21 14:25:38.111  1257  6399 E libc    : Access denied finding property "vendor.debug.egl.swapinterval"
02-21 14:25:38.121 19492 19507 D ActivityTrigger: ActivityTrigger activityStopTrigger 
02-21 14:25:38.127  1257  6399 E libc    : Access denied finding property "vendor.debug.egl.swapinterval"
02-21 14:25:38.312  1257  6399 I chatty  : uid=10142(com.tencent.wework) RenderThread identical 11 lines
02-21 14:25:38.329  1257  6399 E libc    : Access denied finding property "vendor.debug.egl.swapinterval"
02-21 14:25:38.333 14738 14893 I SmartThreadExecutor: handleMessage: start check 0
02-21 14:25:38.333 14738 14893 I SmartThreadExecutor: handleMessage: check end 0 -40 false
02-21 14:25:38.349  1257  6399 E libc    : Access denied finding property "vendor.debug.egl.swapinterval"
02-21 14:25:38.462  1257  6399 I chatty  : uid=10142(com.tencent.wework) RenderThread identical 7 lines
02-21 14:25:38.478  1257  6399 E libc    : Access denied finding property "vendor.debug.egl.swapinterval"
02-21 14:25:38.497 19682 19682 W View    : requestLayout() improperly called by com.android.systemui.statusbar.NetworkSpeedView{c1cc0bc V.ED..... ......ID 0,0-147,51} during layout: running second layout pass
02-21 14:25:38.497 19682 19682 W View    : requestLayout() improperly called by com.android.systemui.statusbar.NetworkSpeedView{6903b9a V.ED..... ......ID 0,0-147,51} during layout: running second layout pass
02-21 14:25:38.503  1257  6399 E libc    : Access denied finding property "vendor.debug.egl.swapinterval"
02-21 14:25:38.629  1257  6399 I chatty  : uid=10142(com.tencent.wework) RenderThread identical 8 lines
02-21 14:25:38.646  1257  6399 E libc    : Access denied finding property "vendor.debug.egl.swapinterval"
02-21 14:25:38.652  1257 13825 E jbm_pcm_adaptive_buffer.cc: jbm_pcm_adaptive_buffer.cc:739|3601|[0xad297000]JBM[0]UID[144115215835873344][1715084791]BufferS:0,60,300,287,271,0,0,0,0[0|0|0|0][5|100|132]
02-21 14:25:38.666  1257  6399 E libc    : Access denied finding property "vendor.debug.egl.swapinterval"
02-21 14:25:38.902  1257  6399 I chatty  : uid=10142(com.tencent.wework) RenderThread identical 14 lines
02-21 14:25:38.910  1257  6399 E libc    : Access denied finding property "vendor.debug.egl.swapinterval"
02-21 14:25:38.914 16225 16225 W RenderThread: type=1400 audit(0.0:27438254): avc: denied { read } for name="u:object_r:vendor_default_prop:s0" dev="tmpfs" ino=22212 scontext=u:r:untrusted_app:s0:c95,c256,c512,c768 tcontext=u:object_r:vendor_default_prop:s0 tclass=file permissive=0
02-21 14:25:38.921 16225 16245 E libc    : Access denied finding property "vendor.debug.egl.swapinterval"
02-21 14:25:38.924 16225 16245 I chatty  : uid=10095(com.player.xingfeng.multimedia) RenderThread identical 1 line
02-21 14:25:38.928 16225 16245 E libc    : Access denied finding property "vendor.debug.egl.swapinterval"
02-21 14:25:38.929  1257  6399 E libc    : Access denied finding property "vendor.debug.egl.swapinterval"
02-21 14:25:38.914 16225 16225 W RenderThread: type=1400 audit(0.0:27438255): avc: denied { read } for name="u:object_r:vendor_default_prop:s0" dev="tmpfs" ino=22212 scontext=u:r:untrusted_app:s0:c95,c256,c512,c768 tcontext=u:object_r:vendor_default_prop:s0 tclass=file permissive=0
02-21 14:25:38.914 16225 16225 W RenderThread: type=1400 audit(0.0:27438256): avc: denied { read } for name="u:object_r:vendor_default_prop:s0" dev="tmpfs" ino=22212 scontext=u:r:untrusted_app:s0:c95,c256,c512,c768 tcontext=u:object_r:vendor_default_prop:s0 tclass=file permissive=0
02-21 14:25:38.914  1257  1257 W RenderThread: type=1400 audit(0.0:27438257): avc: denied { read } for name="u:object_r:vendor_default_prop:s0" dev="tmpfs" ino=22212 scontext=u:r:untrusted_app:s0:c142,c256,c512,c768 tcontext=u:object_r:vendor_default_prop:s0 tclass=file permissive=0
02-21 14:25:38.931 16225 16225 I Shixing_ffmpeg: enter SoundService::initSongDecoder
02-21 14:25:38.931 19492 19507 D ActivityManager: skip: com.tencent.mm
02-21 14:25:38.932 16225 16225 I Shixing_ffmpeg: enter AccompanyDecoder::init
02-21 14:25:38.933 19371  9022 D AudioPolicyService: setRecordSilenced() uid 10025 on silenced 1
02-21 14:25:38.941 16225 16225 I Shixing_ffmpeg: open accompany file /mnt/sdcard/131.mp3....
02-21 14:25:38.944 16225 16225 I Shixing_ffmpeg: open file /mnt/sdcard/131.mp3 success and result is 0
02-21 14:25:38.934 16225 16225 W RenderThread: type=1400 audit(0.0:27438258): avc: denied { read } for name="u:object_r:vendor_default_prop:s0" dev="tmpfs" ino=22212 scontext=u:r:untrusted_app:s0:c95,c256,c512,c768 tcontext=u:object_r:vendor_default_prop:s0 tclass=file permissive=0
02-21 14:25:38.946  1257  6399 E libc    : Access denied finding property "vendor.debug.egl.swapinterval"
02-21 14:25:38.947 16225 16245 E libc    : Access denied finding property "vendor.debug.egl.swapinterval"
02-21 14:25:38.960  1257  6399 E libc    : Access denied finding property "vendor.debug.egl.swapinterval"
02-21 14:25:38.960 16225 16225 I Shixing_ffmpeg: sucess avformat_find_stream_info result is 0
02-21 14:25:38.960 16225 16225 I Shixing_ffmpeg: stream_index is 0
02-21 14:25:38.960 16225 16225 I Shixing_ffmpeg: avCodecContext->codec_id is 86017 AV_CODEC_ID_AAC is 86018
02-21 14:25:38.961 16225 16225 I Shixing_ffmpeg: sucess avformat_find_stream_info result is 0
02-21 14:25:38.961 16225 16225 I Shixing_ffmpeg: because of audio Codec Is Not Supported so we will init swresampler...
02-21 14:25:38.961 16225 16225 I Shixing_ffmpeg: channels is 2 sampleRate is 44100
02-21 14:25:38.961 16225 16225 I Shixing_ffmpeg: sampleRate is 44100
02-21 14:25:38.961 16225 16225 I Shixing_ffmpeg: bitRate is 128000
02-21 14:25:38.961 16225 16225 I Shixing_ffmpeg: leave LiveReceiver::destory
02-21 14:25:38.961 16225 16225 I Shixing_ffmpeg: enter AccompanyDecoder::init
02-21 14:25:38.961 16225 16225 I Shixing_ffmpeg: open accompany file /mnt/sdcard/131.mp3....
02-21 14:25:38.962 16225 16245 E libc    : Access denied finding property "vendor.debug.egl.swapinterval"
02-21 14:25:38.963 16225 16225 I Shixing_ffmpeg: open file /mnt/sdcard/131.mp3 success and result is 0
02-21 14:25:38.963 16225 16225 I Shixing_ffmpeg: sucess avformat_find_stream_info result is 0
02-21 14:25:38.963 16225 16225 I Shixing_ffmpeg: stream_index is 0
02-21 14:25:38.963 16225 16225 I Shixing_ffmpeg: avCodecContext->codec_id is 86017 AV_CODEC_ID_AAC is 86018
02-21 14:25:38.963 16225 16225 I Shixing_ffmpeg: sucess avformat_find_stream_info result is 0
02-21 14:25:38.963 16225 16225 I Shixing_ffmpeg: because of audio Codec Is Not Supported so we will init swresampler...
02-21 14:25:38.963 16225 16225 I Shixing_ffmpeg: channels is 2 sampleRate is 44100
02-21 14:25:38.963 16225 16225 I Shixing_ffmpeg: enter SoundService::initSoundTrack
02-21 14:25:38.963 16225 16225 I Shixing_ffmpeg: get open sl es Engine
02-21 14:25:38.963 16225 16225 I Shixing_ffmpeg: createEngine
02-21 14:25:38.963 16225 16225 I Shixing_ffmpeg: createEngine result is s
02-21 14:25:38.963 16225 16225 I Shixing_ffmpeg: Realize the engine object
02-21 14:25:38.963 16225 16263 I Shixing_ffmpeg: enter AccompanyDecoderController::startDecoderThread
02-21 14:25:38.964 16225 16225 I Shixing_ffmpeg: Get the engine interface
02-21 14:25:38.964 16225 16225 I Shixing_ffmpeg: Create output mix object
02-21 14:25:38.964 16225 16225 I Shixing_ffmpeg: Realize output mix object
02-21 14:25:38.964 16225 16225 I Shixing_ffmpeg: Initialize buffer
02-21 14:25:38.964 16225 16225 I Shixing_ffmpeg: Create the buffer queue audio player object
02-21 14:25:38.964 16225 16225 D         : PlayerBase::PlayerBase()
02-21 14:25:38.965 16225 16225 D         : TrackPlayerBase::TrackPlayerBase()
02-21 14:25:38.965 16225 16225 D         : PlayerBase::PlayerBase()
02-21 14:25:38.965 16225 16225 D         : TrackPlayerBase::TrackPlayerBase()
02-21 14:25:38.965 16225 16225 I Shixing_ffmpeg: Realize audio player object
02-21 14:25:38.965 16225 16225 I libOpenSLES: Emulating old channel mask behavior (ignoring positional mask 0x3, using default mask 0x3 based on channel count of 2)
02-21 14:25:38.965 16225 16225 D AudioTrack: set(): streamType 3, sampleRate 44100, format 0x1, channelMask 0x3, frameCount 0, flags #104, notificationFrames -1, sessionId 49433, transferType 0, uid -1, pid -1
02-21 14:25:38.966 19371  9022 I APM_AudioPolicyManager: getOutputForAttr() strategy 0, device 0x2, sampling rate 44100, format 0x1, channel mask 0x3, flags 0x104
02-21 14:25:38.966 19371  9022 D AudioPolicyManagerCustom: getOutputForDevice() returns output 13 flag 0x104
02-21 14:25:38.967 19371  9022 W AudioFlinger: createTrack_l(): mismatch between requested flags (00000104) and output flags (00000006)
02-21 14:25:38.967 19371  9022 D AudioFlinger: Client defaulted notificationFrames to 590 for frameCount 1772
02-21 14:25:38.967 19371  9022 I AudioFlinger: latencyMs:48,frameCount:1772
02-21 14:25:38.967 19371  9022 D AudioFlinger: AudioOut_D createTrack_l() stmType 3,typeVolume 0.048306,mute 0,fc 1772,sId 49433, flags 0
02-21 14:25:38.967 19371  9022 D AudioFlinger: Creating track with 8192 buffers bytes.format 1,mFrameSize 4,mFrameCount 1772,roundup(frameCount) 2048
02-21 14:25:38.968 16225 16225 W AudioTrack: AUDIO_OUTPUT_FLAG_FAST denied by server; frameCount 0 -> 1772
02-21 14:25:38.969 16225 16225 I libOpenSLES: Emulating old channel mask behavior (ignoring positional mask 0x3, using default mask 0x3 based on channel count of 2)
02-21 14:25:38.969 16225 16225 D AudioTrack: set(): streamType 3, sampleRate 44100, format 0x1, channelMask 0x3, frameCount 0, flags #104, notificationFrames -1, sessionId 49441, transferType 0, uid -1, pid -1
02-21 14:25:38.970 19371 29238 I APM_AudioPolicyManager: getOutputForAttr() strategy 0, device 0x2, sampling rate 44100, format 0x1, channel mask 0x3, flags 0x104
02-21 14:25:38.970 19371 29238 D AudioPolicyManagerCustom: getOutputForDevice() returns output 13 flag 0x104
02-21 14:25:38.970 19371 29238 W AudioFlinger: createTrack_l(): mismatch between requested flags (00000104) and output flags (00000006)
02-21 14:25:38.970 19371 29238 D AudioFlinger: Client defaulted notificationFrames to 590 for frameCount 1772
02-21 14:25:38.970 19371 29238 I AudioFlinger: latencyMs:48,frameCount:1772
02-21 14:25:38.970 19371 29238 D AudioFlinger: AudioOut_D createTrack_l() stmType 3,typeVolume 0.048306,mute 0,fc 1772,sId 49441, flags 0
02-21 14:25:38.971 19371 29238 D AudioFlinger: Creating track with 8192 buffers bytes.format 1,mFrameSize 4,mFrameCount 1772,roundup(frameCount) 2048
02-21 14:25:38.973 16225 16225 W AudioTrack: AUDIO_OUTPUT_FLAG_FAST denied by server; frameCount 0 -> 1772
02-21 14:25:38.974 16225 16225 I Shixing_ffmpeg: Get audio player buffer queue interface
02-21 14:25:38.974 16225 16225 I Shixing_ffmpeg: Registers the player callback
02-21 14:25:38.974 16225 16225 I Shixing_ffmpeg: Get audio player play interface
02-21 14:25:38.974 16225 16225 I Shixing_ffmpeg: leave init
02-21 14:25:38.974 16225 16225 I Shixing_ffmpeg: setAudioDataSource 
02-21 14:25:38.974 16225 16225 I Shixing_ffmpeg: enter SoundService::play()...
02-21 14:25:38.974 16225 16225 I Shixing_ffmpeg: Set the audio player state playing
02-21 14:25:38.976 19492 25585 V AudioService: playerEvent: 43559 event: 2 isMusicActive:false device:2
02-21 14:25:38.976   709   709 W AshmemAllocator: ashmem_create_region(7680) returning hidl_memory(0x7d16e2c100, 7680)
02-21 14:25:38.976 19492 25585 V AudioMonitor: MDM,start. 
02-21 14:25:38.977  1257  6399 E libc    : Access denied finding property "vendor.debug.egl.swapinterval"
02-21 14:25:38.977   709   709 W AshmemAllocator: ashmem_create_region(7680) returning hidl_memory(0x7d16e2c100, 7680)
02-21 14:25:38.978 19371 19439 D APM_AudioPolicyManager: startOutput() output 13, stream 3, session 49433
02-21 14:25:38.978 19371 19439 I APM_AudioPolicyManager: getNewOutputDevice() selected device 2
02-21 14:25:38.978 19371 19439 D APM_AudioPolicyManager: startOutput()-- newDevice:0
02-21 14:25:38.978 16225 16245 E libc    : Access denied finding property "vendor.debug.egl.swapinterval"
02-21 14:25:38.978 16225 16225 I Shixing_ffmpeg: Set the slient audio player state playing
02-21 14:25:38.978 16225 16264 D         : PlayerBase::stop() from IPlayer
02-21 14:25:38.979 15908 15927 D NtpTrustedTime: forceRefreshInternal() - No network connected
02-21 14:25:38.979 19492 25585 V AudioService: playerEvent: 43567 event: 2 isMusicActive:true device:2
02-21 14:25:38.978 16225 16264 D AudioTrack: stop() called with 0 frames delivered
02-21 14:25:38.980   709   709 W AshmemAllocator: ashmem_create_region(7680) returning hidl_memory(0x7d16e2c100, 7680)
02-21 14:25:38.981   709   709 W AshmemAllocator: ashmem_create_region(7680) returning hidl_memory(0x7d16e2c100, 7680)
02-21 14:25:38.982 19371 19439 D APM_AudioPolicyManager: startOutput() output 13, stream 3, session 49441
02-21 14:25:38.982 19371 19439 D APM_AudioPolicyManager: startOutput()-- newDevice:0
02-21 14:25:38.982 16225 16225 I Shixing_ffmpeg:  Enqueue the first buffer to start
02-21 14:25:38.982 16225 16265 D         : PlayerBase::stop() from IPlayer
02-21 14:25:38.982 16225 16265 D AudioTrack: stop() called with 0 frames delivered
02-21 14:25:38.983 19492 25585 V AudioService: playerEvent: 43559 event: 4 isMusicActive:true device:2
02-21 14:25:38.979 19492 25585 V AudioMonitor: MDM,start. 
02-21 14:25:38.983 19492 25585 V AudioMonitor: MDM,stop. 
02-21 14:25:38.984 19492 25585 V AudioService: playerEvent: 43567 event: 4 isMusicActive:true device:2
02-21 14:25:38.984 19492 25585 D OSTracker: OS Event: audio_connect
02-21 14:25:38.984 19492 25585 V AudioMonitor: MDM,stop. 
02-21 14:25:38.985 19492 25585 V AudioMonitor: MDM, playing,device5 lapse 30
02-21 14:25:38.985 19492 25585 V AudioMonitor: MDM,device:2 lapse 30
02-21 14:25:38.994  1257  6399 E libc    : Access denied finding property "vendor.debug.egl.swapinterval"
02-21 14:25:38.995 16225 16245 E libc    : Access denied finding property "vendor.debug.egl.swapinterval"
02-21 14:25:38.997 16225 16225 I Shixing_ffmpeg: enter convertByteArrayFromShortArray
02-21 14:25:38.997 19492 19492 D AbstractTracker: Event success
02-21 14:25:38.998 16225 16225 I Shixing_ffmpeg: enter convertByteArrayFromShortArray
02-21 14:25:38.998 16225 16225 W libOpenSLES: Leaving BufferQueue::Enqueue (SL_RESULT_BUFFER_INSUFFICIENT)
02-21 14:25:38.998 16225 16225 I Shixing_ffmpeg: out SoundService::play()...
--------- beginning of crash
02-21 14:25:38.998 16225 16225 F libc    : Fatal signal 11 (SIGSEGV), code 1 (SEGV_MAPERR), fault addr 0x2c in tid 16225 (feng.multimedia), pid 16225 (feng.multimedia)
02-21 14:25:38.998 19492 25585 V AudioService: playerEvent: 43559 event: 2 isMusicActive:true device:2
02-21 14:25:38.998 19492 25585 V AudioMonitor: MDM,start. 
02-21 14:25:39.012  1257  6399 E libc    : Access denied finding property "vendor.debug.egl.swapinterval"
02-21 14:25:39.012 16225 16245 E libc    : Access denied finding property "vendor.debug.egl.swapinterval"
02-21 14:25:39.025 19371 19463 D AudioResampler: resampler create load 136 -> 170 MHz due to delta +34 MHz from quality 8
02-21 14:25:39.029 16225 16245 E libc    : Access denied finding property "vendor.debug.egl.swapinterval"
02-21 14:25:39.030  1257  6399 E libc    : Access denied finding property "vendor.debug.egl.swapinterval"
02-21 14:25:39.032 16225 16264 I AudioTrack: wait:90702
02-21 14:25:39.045  1257  6399 E libc    : Access denied finding property "vendor.debug.egl.swapinterval"
02-21 14:25:39.046 16225 16245 E libc    : Access denied finding property "vendor.debug.egl.swapinterval"
02-21 14:25:39.061  1257  6399 E libc    : Access denied finding property "vendor.debug.egl.swapinterval"
02-21 14:25:39.071 16269 16269 I crash_dump32: obtaining output fd from tombstoned, type: kDebuggerdTombstone
02-21 14:25:39.072  1029  1029 I /system/bin/tombstoned: received crash request for pid 16225
02-21 14:25:39.072 16225 16245 E libc    : Access denied finding property "vendor.debug.egl.swapinterval"
02-21 14:25:39.072 19371 19439 I APM_AudioPolicyManager: stopOutput() output 13, stream 3, session 49441
02-21 14:25:39.073 16269 16269 I crash_dump32: performing dump of process 16225 (target tid = 16225)
02-21 14:25:39.077  1257  6399 E libc    : Access denied finding property "vendor.debug.egl.swapinterval"
02-21 14:25:39.078 16225 16245 E libc    : Access denied finding property "vendor.debug.egl.swapinterval"
02-21 14:25:39.090 16225 16264 I AudioTrack: wait:45351
02-21 14:25:39.095 16225 16245 E libc    : Access denied finding property "vendor.debug.egl.swapinterval"
02-21 14:25:39.095  1257  6399 E libc    : Access denied finding property "vendor.debug.egl.swapinterval"
02-21 14:25:39.102 16269 16269 F DEBUG   : *** *** *** *** *** *** *** *** *** *** *** *** *** *** *** ***
02-21 14:25:39.102 16269 16269 F DEBUG   : Build fingerprint: 'OnePlus/OnePlus6T/OnePlus6T:9/PKQ1.180716.001/1909041257:user/release-keys'
02-21 14:25:39.102 16269 16269 F DEBUG   : Revision: '0'
02-21 14:25:39.102 16269 16269 F DEBUG   : ABI: 'arm'
02-21 14:25:39.102 16269 16269 F DEBUG   : pid: 16225, tid: 16225, name: feng.multimedia  >>> com.player.xingfeng.multimedia <<<
02-21 14:25:39.102 16269 16269 F DEBUG   : signal 11 (SIGSEGV), code 1 (SEGV_MAPERR), fault addr 0x2c
02-21 14:25:39.102 16269 16269 F DEBUG   : Cause: null pointer dereference
02-21 14:25:39.102 16269 16269 F DEBUG   :     r0  0000002c  r1  00000000  r2  dc41114c  r3  00000003
02-21 14:25:39.102 16269 16269 F DEBUG   :     r4  ed2a6600  r5  00000002  r6  d0351990  r7  000044e8
02-21 14:25:39.102 16269 16269 F DEBUG   :     r8  000089d0  r9  ceee0007  r10 d0333500  r11 ffeabeb8
02-21 14:25:39.102 16269 16269 F DEBUG   :     ip  ffeab9b8  sp  ffeabe98  lr  ceedcc08  pc  ceedcc08
02-21 14:25:39.112 16225 16245 E libc    : Access denied finding property "vendor.debug.egl.swapinterval"
02-21 14:25:39.113  1257  6399 E libc    : Access denied finding property "vendor.debug.egl.swapinterval"
02-21 14:25:39.144  1257  6399 I chatty  : uid=10142(com.tencent.wework) RenderThread identical 2 lines
02-21 14:25:39.162  1257  6399 E libc    : Access denied finding property "vendor.debug.egl.swapinterval"
02-21 14:25:39.170 16225 16264 I Shixing_ffmpeg: SoundService::producePacket() audio player call back method... 
02-21 14:25:39.170 16225 16264 I Shixing_ffmpeg: enter SoundService::producePacket() PLAYING_STATE_PLAYING packetBufferSize=35280, result=17640
02-21 14:25:39.170 16225 16264 I Shixing_ffmpeg: producePacket result: 17640
02-21 14:25:39.170 16225 16264 I Shixing_ffmpeg: enter convertByteArrayFromShortArray
02-21 14:25:39.170 16225 16264 I Shixing_ffmpeg: after convertByteArrayFromShortArray
02-21 14:25:39.179  1257  6399 E libc    : Access denied finding property "vendor.debug.egl.swapinterval"
02-21 14:25:39.216 16269 16269 F DEBUG   : 
02-21 14:25:39.216 16269 16269 F DEBUG   : backtrace:
02-21 14:25:39.216 16269 16269 F DEBUG   :     #00 pc 00005c08  /data/app/com.player.xingfeng.multimedia--DS-dazdUFNkB2mfZsPlaA==/lib/arm/libaudioencoder.so (SoundService::play()+400)
02-21 14:25:39.216 16269 16269 F DEBUG   :     #01 pc 00412279  /system/lib/libart.so (art_quick_generic_jni_trampoline+40)
02-21 14:25:39.216 16269 16269 F DEBUG   :     #02 pc 0040dd75  /system/lib/libart.so (art_quick_invoke_stub_internal+68)
02-21 14:25:39.216 16269 16269 F DEBUG   :     #03 pc 003e725d  /system/lib/libart.so (art_quick_invoke_stub+224)
02-21 14:25:39.216 16269 16269 F DEBUG   :     #04 pc 000a1015  /system/lib/libart.so (art::ArtMethod::Invoke(art::Thread*, unsigned int*, unsigned int, art::JValue*, char const*)+136)
02-21 14:25:39.216 16269 16269 F DEBUG   :     #05 pc 001e5ae9  /system/lib/libart.so (art::interpreter::ArtInterpreterToCompiledCodeBridge(art::Thread*, art::ArtMethod*, art::ShadowFrame*, unsigned short, art::JValue*)+236)
02-21 14:25:39.216 16269 16269 F DEBUG   :     #06 pc 001e05d7  /system/lib/libart.so (bool art::interpreter::DoCall<false, false>(art::ArtMethod*, art::Thread*, art::ShadowFrame&, art::Instruction const*, unsigned short, art::JValue*)+814)
02-21 14:25:39.216 16269 16269 F DEBUG   :     #07 pc 003e1eb3  /system/lib/libart.so (MterpInvokeVirtual+442)
02-21 14:25:39.216 16269 16269 F DEBUG   :     #08 pc 00400a14  /system/lib/libart.so (ExecuteMterpImpl+14228)
02-21 14:25:39.216 16269 16269 F DEBUG   :     #09 pc 00005ba4  /dev/ashmem/dalvik-classes.dex extracted in memory from /data/app/com.player.xingfeng.multimedia--DS-dazdUFNkB2mfZsPlaA==/split_lib_slice_0_apk.apk (deleted) (com.player.xingfeng.multimedia.audioplay.AudioPlayActivity.openslPlay+112)
02-21 14:25:39.216 16269 16269 F DEBUG   :     #10 pc 001c4d53  /system/lib/libart.so (_ZN3art11interpreterL7ExecuteEPNS_6ThreadERKNS_20CodeItemDataAccessorERNS_11ShadowFrameENS_6JValueEb.llvm.978532534+378)
02-21 14:25:39.216 16269 16269 F DEBUG   :     #11 pc 001c937f  /system/lib/libart.so (art::interpreter::EnterInterpreterFromEntryPoint(art::Thread*, art::CodeItemDataAccessor const&, art::ShadowFrame*)+82)
02-21 14:25:39.216 16269 16269 F DEBUG   :     #12 pc 003d5999  /system/lib/libart.so (artQuickToInterpreterBridge+880)
02-21 14:25:39.216 16269 16269 F DEBUG   :     #13 pc 004122ff  /system/lib/libart.so (art_quick_to_interpreter_bridge+30)
02-21 14:25:39.216 16269 16269 F DEBUG   :     #14 pc 0040dd75  /system/lib/libart.so (art_quick_invoke_stub_internal+68)
02-21 14:25:39.216 16269 16269 F DEBUG   :     #15 pc 003e725d  /system/lib/libart.so (art_quick_invoke_stub+224)
02-21 14:25:39.216 16269 16269 F DEBUG   :     #16 pc 000a1015  /system/lib/libart.so (art::ArtMethod::Invoke(art::Thread*, unsigned int*, unsigned int, art::JValue*, char const*)+136)
02-21 14:25:39.216 16269 16269 F DEBUG   :     #17 pc 00347e25  /system/lib/libart.so (art::(anonymous namespace)::InvokeWithArgArray(art::ScopedObjectAccessAlreadyRunnable const&, art::ArtMethod*, art::(anonymous namespace)::ArgArray*, art::JValue*, char const*)+52)
02-21 14:25:39.216 16269 16269 F DEBUG   :     #18 pc 00349275  /system/lib/libart.so (art::InvokeMethod(art::ScopedObjectAccessAlreadyRunnable const&, _jobject*, _jobject*, _jobject*, unsigned int)+1024)
02-21 14:25:39.216 16269 16269 F DEBUG   :     #19 pc 002fb36d  /system/lib/libart.so (art::Method_invoke(_JNIEnv*, _jobject*, _jobject*, _jobjectArray*)+40)
02-21 14:25:39.216 16269 16269 F DEBUG   :     #20 pc 0011326f  /system/framework/arm/boot-core-oj.oat (offset 0x10d000) (java.lang.Class.getDeclaredMethodInternal [DEDUPED]+110)
02-21 14:25:39.216 16269 16269 F DEBUG   :     #21 pc 0040dd75  /system/lib/libart.so (art_quick_invoke_stub_internal+68)
02-21 14:25:39.216 16269 16269 F DEBUG   :     #22 pc 003e725d  /system/lib/libart.so (art_quick_invoke_stub+224)
02-21 14:25:39.216 16269 16269 F DEBUG   :     #23 pc 000a1015  /system/lib/libart.so (art::ArtMethod::Invoke(art::Thread*, unsigned int*, unsigned int, art::JValue*, char const*)+136)
02-21 14:25:39.216 16269 16269 F DEBUG   :     #24 pc 001e5ae9  /system/lib/libart.so (art::interpreter::ArtInterpreterToCompiledCodeBridge(art::Thread*, art::ArtMethod*, art::ShadowFrame*, unsigned short, art::JValue*)+236)
02-21 14:25:39.216 16269 16269 F DEBUG   :     #25 pc 001e05d7  /system/lib/libart.so (bool art::interpreter::DoCall<false, false>(art::ArtMethod*, art::Thread*, art::ShadowFrame&, art::Instruction const*, unsigned short, art::JValue*)+814)
02-21 14:25:39.216 16269 16269 F DEBUG   :     #26 pc 003e1eb3  /system/lib/libart.so (MterpInvokeVirtual+442)
02-21 14:25:39.216 16269 16269 F DEBUG   :     #27 pc 00400a14  /system/lib/libart.so (ExecuteMterpImpl+14228)
02-21 14:25:39.216 16269 16269 F DEBUG   :     #28 pc 000e0582  /dev/ashmem/dalvik-classes.dex extracted in memory from /data/app/com.player.xingfeng.multimedia--DS-dazdUFNkB2mfZsPlaA==/split_lib_dependencies_apk.apk (deleted) (android.support.v7.app.AppCompatViewInflater$DeclaredOnClickListener.onClick+50)
02-21 14:25:39.216 16269 16269 F DEBUG   :     #29 pc 001c4d53  /system/lib/libart.so (_ZN3art11interpreterL7ExecuteEPNS_6ThreadERKNS_20CodeItemDataAccessorERNS_11ShadowFrameENS_6JValueEb.llvm.978532534+378)
02-21 14:25:39.216 16269 16269 F DEBUG   :     #30 pc 001c9439  /system/lib/libart.so (art::interpreter::ArtInterpreterToInterpreterBridge(art::Thread*, art::CodeItemDataAccessor const&, art::ShadowFrame*, art::JValue*)+152)
02-21 14:25:39.216 16269 16269 F DEBUG   :     #31 pc 001e05bf  /system/lib/libart.so (bool art::interpreter::DoCall<false, false>(art::ArtMethod*, art::Thread*, art::ShadowFrame&, art::Instruction const*, unsigned short, art::JValue*)+790)
02-21 14:25:39.216 16269 16269 F DEBUG   :     #32 pc 003e2a83  /system/lib/libart.so (MterpInvokeInterface+1010)
02-21 14:25:39.216 16269 16269 F DEBUG   :     #33 pc 00400c14  /system/lib/libart.so (ExecuteMterpImpl+14740)
02-21 14:25:39.216 16269 16269 F DEBUG   :     #34 pc 00bbe5c6  /system/framework/boot-framework.vdex (android.view.View.performClick+60)
02-21 14:25:39.216 16269 16269 F DEBUG   :     #35 pc 001c4d53  /system/lib/libart.so (_ZN3art11interpreterL7ExecuteEPNS_6ThreadERKNS_20CodeItemDataAccessorERNS_11ShadowFrameENS_6JValueEb.llvm.978532534+378)
02-21 14:25:39.216 16269 16269 F DEBUG   :     #36 pc 001c9439  /system/lib/libart.so (art::interpreter::ArtInterpreterToInterpreterBridge(art::Thread*, art::CodeItemDataAccessor const&, art::ShadowFrame*, art::JValue*)+152)
02-21 14:25:39.216 16269 16269 F DEBUG   :     #37 pc 001e05bf  /system/lib/libart.so (bool art::interpreter::DoCall<false, false>(art::ArtMethod*, art::Thread*, art::ShadowFrame&, art::Instruction const*, unsigned short, art::JValue*)+790)
02-21 14:25:39.216 16269 16269 F DEBUG   :     #38 pc 003e42fd  /system/lib/libart.so (MterpInvokeVirtualQuick+428)
02-21 14:25:39.216 16269 16269 F DEBUG   :     #39 pc 00404794  /system/lib/libart.so (ExecuteMterpImpl+29972)
02-21 14:25:39.216 16269 16269 F DEBUG   :     #40 pc 00d6cf16  /system/framework/boot-framework.vdex (android.view.View.performClickInternal+6)
02-21 14:25:39.216 16269 16269 F DEBUG   :     #41 pc 001c4d53  /system/lib/libart.so (_ZN3art11interpreterL7ExecuteEPNS_6ThreadERKNS_20CodeItemDataAccessorERNS_11ShadowFrameENS_6JValueEb.llvm.978532534+378)
02-21 14:25:39.216 16269 16269 F DEBUG   :     #42 pc 001c9439  /system/lib/libart.so (art::interpreter::ArtInterpreterToInterpreterBridge(art::Thread*, art::CodeItemDataAccessor const&, art::ShadowFrame*, art::JValue*)+152)
02-21 14:25:39.216 16269 16269 F DEBUG   :     #43 pc 001e05bf  /system/lib/libart.so (bool art::interpreter::DoCall<false, false>(art::ArtMethod*, art::Thread*, art::ShadowFrame&, art::Instruction const*, unsigned short, art::JValue*)+790)
02-21 14:25:39.216 16269 16269 F DEBUG   :     #44 pc 003e2d41  /system/lib/libart.so (MterpInvokeDirect+196)
02-21 14:25:39.216 16269 16269 F DEBUG   :     #45 pc 00400b14  /system/lib/libart.so (ExecuteMterpImpl+14484)
02-21 14:25:39.216 16269 16269 F DEBUG   :     #46 pc 00d6bed6  /system/framework/boot-framework.vdex (android.view.View.access$3100)
02-21 14:25:39.216 16269 16269 F DEBUG   :     #47 pc 001c4d53  /system/lib/libart.so (_ZN3art11interpreterL7ExecuteEPNS_6ThreadERKNS_20CodeItemDataAccessorERNS_11ShadowFrameENS_6JValueEb.llvm.978532534+378)
02-21 14:25:39.216 16269 16269 F DEBUG   :     #48 pc 001c9439  /system/lib/libart.so (art::interpreter::ArtInterpreterToInterpreterBridge(art::Thread*, art::CodeItemDataAccessor const&, art::ShadowFrame*, art::JValue*)+152)
02-21 14:25:39.216 16269 16269 F DEBUG   :     #49 pc 001e05bf  /system/lib/libart.so (bool art::interpreter::DoCall<false, false>(art::ArtMethod*, art::Thread*, art::ShadowFrame&, art::Instruction const*, unsigned short, art::JValue*)+790)
02-21 14:25:39.216 16269 16269 F DEBUG   :     #50 pc 003e2e8f  /system/lib/libart.so (MterpInvokeStatic+130)
02-21 14:25:39.216 16269 16269 F DEBUG   :     #51 pc 00400b94  /system/lib/libart.so (ExecuteMterpImpl+14612)
02-21 14:25:39.216 16269 16269 F DEBUG   :     #52 pc 00bac062  /system/framework/boot-framework.vdex (android.view.View$PerformClick.run+4)
02-21 14:25:39.216 16269 16269 F DEBUG   :     #53 pc 001c4d53  /system/lib/libart.so (_ZN3art11interpreterL7ExecuteEPNS_6ThreadERKNS_20CodeItemDataAccessorERNS_11ShadowFrameENS_6JValueEb.llvm.978532534+378)
02-21 14:25:39.216 16269 16269 F DEBUG   :     #54 pc 001c9439  /system/lib/libart.so (art::interpreter::ArtInterpreterToInterpreterBridge(art::Thread*, art::CodeItemDataAccessor const&, art::ShadowFrame*, art::JValue*)+152)
02-21 14:25:39.216 16269 16269 F DEBUG   :     #55 pc 001e05bf  /system/lib/libart.so (bool art::interpreter::DoCall<false, false>(art::ArtMethod*, art::Thread*, art::ShadowFrame&, art::Instruction const*, unsigned short, art::JValue*)+790)
02-21 14:25:39.216 16269 16269 F DEBUG   :     #56 pc 003e2a83  /system/lib/libart.so (MterpInvokeInterface+1010)
02-21 14:25:39.216 16269 16269 F DEBUG   :     #57 pc 00400c14  /system/lib/libart.so (ExecuteMterpImpl+14740)
02-21 14:25:39.216 16269 16269 F DEBUG   :     #58 pc 00c8695e  /system/framework/boot-framework.vdex (android.os.Handler.handleCallback+4)
02-21 14:25:39.216 16269 16269 F DEBUG   :     #59 pc 001c4d53  /system/lib/libart.so (_ZN3art11interpreterL7ExecuteEPNS_6ThreadERKNS_20CodeItemDataAccessorERNS_11ShadowFrameENS_6JValueEb.llvm.978532534+378)
